Archive member included to satisfy reference by file (symbol)

c:/nxp/s32ds.3.6/s32ds/build_tools/gcc_b1620/gcc-6.3-arm32-eabi/bin/../lib/gcc/arm-none-eabi/6.3.1/thumb/v7e-m/fpv4-sp/hard\libgcc.a(_arm_addsubdf3.o)
                              ./src/main.o (__aeabi_dsub)
c:/nxp/s32ds.3.6/s32ds/build_tools/gcc_b1620/gcc-6.3-arm32-eabi/bin/../lib/gcc/arm-none-eabi/6.3.1/thumb/v7e-m/fpv4-sp/hard\libgcc.a(_arm_muldivdf3.o)
                              ./src/main.o (__aeabi_dmul)
c:/nxp/s32ds.3.6/s32ds/build_tools/gcc_b1620/gcc-6.3-arm32-eabi/bin/../lib/gcc/arm-none-eabi/6.3.1/thumb/v7e-m/fpv4-sp/hard\libgcc.a(_arm_fixunsdfsi.o)
                              ./src/main.o (__aeabi_d2uiz)
c:/nxp/s32ds.3.6/s32ds/build_tools/gcc_b1620/gcc-6.3-arm32-eabi/bin/../lib/gcc/arm-none-eabi/6.3.1/thumb/v7e-m/fpv4-sp/hard\libgcc.a(_arm_truncdfsf2.o)
                              ./src/main.o (__aeabi_d2f)
C:/NXP/S32DS.3.6/S32DS/build_tools/gcc_b1620/gcc-6.3-arm32-eabi/arm-none-eabi/newlib/lib/thumb/v7e-m/fpv4-sp/hard\libc_nano.a(lib_a-exit.o)
                              C:/NXP/S32DS.3.6/S32DS/build_tools/gcc_b1620/gcc-6.3-arm32-eabi/arm-none-eabi/newlib/lib/thumb/v7e-m/fpv4-sp/hard/crt0.o (exit)
C:/NXP/S32DS.3.6/S32DS/build_tools/gcc_b1620/gcc-6.3-arm32-eabi/arm-none-eabi/newlib/lib/thumb/v7e-m/fpv4-sp/hard\libc_nano.a(lib_a-impure.o)
                              C:/NXP/S32DS.3.6/S32DS/build_tools/gcc_b1620/gcc-6.3-arm32-eabi/arm-none-eabi/newlib/lib/thumb/v7e-m/fpv4-sp/hard\libc_nano.a(lib_a-exit.o) (_global_impure_ptr)
C:/NXP/S32DS.3.6/S32DS/build_tools/gcc_b1620/gcc-6.3-arm32-eabi/arm-none-eabi/newlib/lib/thumb/v7e-m/fpv4-sp/hard\libc_nano.a(lib_a-init.o)
                              C:/NXP/S32DS.3.6/S32DS/build_tools/gcc_b1620/gcc-6.3-arm32-eabi/arm-none-eabi/newlib/lib/thumb/v7e-m/fpv4-sp/hard/crt0.o (__libc_init_array)
C:/NXP/S32DS.3.6/S32DS/build_tools/gcc_b1620/gcc-6.3-arm32-eabi/arm-none-eabi/newlib/lib/thumb/v7e-m/fpv4-sp/hard\libc_nano.a(lib_a-memset.o)
                              C:/NXP/S32DS.3.6/S32DS/build_tools/gcc_b1620/gcc-6.3-arm32-eabi/arm-none-eabi/newlib/lib/thumb/v7e-m/fpv4-sp/hard/crt0.o (memset)
C:/NXP/S32DS.3.6/S32DS/build_tools/gcc_b1620/gcc-6.3-arm32-eabi/arm-none-eabi/newlib/lib/thumb/v7e-m/fpv4-sp/hard\libc_nano.a(lib_a-strlen.o)
                              ./src/main.o (strlen)
C:/NXP/S32DS.3.6/S32DS/build_tools/gcc_b1620/gcc-6.3-arm32-eabi/arm-none-eabi/newlib/lib/thumb/v7e-m/fpv4-sp/hard\libnosys.a(_exit.o)
                              C:/NXP/S32DS.3.6/S32DS/build_tools/gcc_b1620/gcc-6.3-arm32-eabi/arm-none-eabi/newlib/lib/thumb/v7e-m/fpv4-sp/hard\libc_nano.a(lib_a-exit.o) (_exit)

Discarded input sections

 .text          0x00000000        0x0 c:/nxp/s32ds.3.6/s32ds/build_tools/gcc_b1620/gcc-6.3-arm32-eabi/bin/../lib/gcc/arm-none-eabi/6.3.1/thumb/v7e-m/fpv4-sp/hard/crti.o
 .data          0x00000000        0x0 c:/nxp/s32ds.3.6/s32ds/build_tools/gcc_b1620/gcc-6.3-arm32-eabi/bin/../lib/gcc/arm-none-eabi/6.3.1/thumb/v7e-m/fpv4-sp/hard/crti.o
 .bss           0x00000000        0x0 c:/nxp/s32ds.3.6/s32ds/build_tools/gcc_b1620/gcc-6.3-arm32-eabi/bin/../lib/gcc/arm-none-eabi/6.3.1/thumb/v7e-m/fpv4-sp/hard/crti.o
 .text          0x00000000       0xa4 c:/nxp/s32ds.3.6/s32ds/build_tools/gcc_b1620/gcc-6.3-arm32-eabi/bin/../lib/gcc/arm-none-eabi/6.3.1/thumb/v7e-m/fpv4-sp/hard/crtbegin.o
 .data          0x00000000        0x4 c:/nxp/s32ds.3.6/s32ds/build_tools/gcc_b1620/gcc-6.3-arm32-eabi/bin/../lib/gcc/arm-none-eabi/6.3.1/thumb/v7e-m/fpv4-sp/hard/crtbegin.o
 .bss           0x00000000       0x1c c:/nxp/s32ds.3.6/s32ds/build_tools/gcc_b1620/gcc-6.3-arm32-eabi/bin/../lib/gcc/arm-none-eabi/6.3.1/thumb/v7e-m/fpv4-sp/hard/crtbegin.o
 .init_array    0x00000000        0x4 c:/nxp/s32ds.3.6/s32ds/build_tools/gcc_b1620/gcc-6.3-arm32-eabi/bin/../lib/gcc/arm-none-eabi/6.3.1/thumb/v7e-m/fpv4-sp/hard/crtbegin.o
 .fini_array    0x00000000        0x4 c:/nxp/s32ds.3.6/s32ds/build_tools/gcc_b1620/gcc-6.3-arm32-eabi/bin/../lib/gcc/arm-none-eabi/6.3.1/thumb/v7e-m/fpv4-sp/hard/crtbegin.o
 .eh_frame      0x00000000        0x0 c:/nxp/s32ds.3.6/s32ds/build_tools/gcc_b1620/gcc-6.3-arm32-eabi/bin/../lib/gcc/arm-none-eabi/6.3.1/thumb/v7e-m/fpv4-sp/hard/crtbegin.o
 .jcr           0x00000000        0x0 c:/nxp/s32ds.3.6/s32ds/build_tools/gcc_b1620/gcc-6.3-arm32-eabi/bin/../lib/gcc/arm-none-eabi/6.3.1/thumb/v7e-m/fpv4-sp/hard/crtbegin.o
 .tm_clone_table
                0x00000000        0x0 c:/nxp/s32ds.3.6/s32ds/build_tools/gcc_b1620/gcc-6.3-arm32-eabi/bin/../lib/gcc/arm-none-eabi/6.3.1/thumb/v7e-m/fpv4-sp/hard/crtbegin.o
 .comment       0x00000000       0x7f c:/nxp/s32ds.3.6/s32ds/build_tools/gcc_b1620/gcc-6.3-arm32-eabi/bin/../lib/gcc/arm-none-eabi/6.3.1/thumb/v7e-m/fpv4-sp/hard/crtbegin.o
 .ARM.attributes
                0x00000000       0x34 c:/nxp/s32ds.3.6/s32ds/build_tools/gcc_b1620/gcc-6.3-arm32-eabi/bin/../lib/gcc/arm-none-eabi/6.3.1/thumb/v7e-m/fpv4-sp/hard/crtbegin.o
[...]
Memory Configuration

Name             Origin             Length             Attributes
m_interrupts     0x00000000         0x00000400         xr
m_flash_config   0x00000400         0x00000010         xr
m_text           0x00000410         0x0007fbf0         xr
m_data           0x1fff8000         0x00008000         rw
m_data_2         0x20000000         0x00007000         rw
*default*        0x00000000         0xffffffff

Linker script and memory map

LOAD c:/nxp/s32ds.3.6/s32ds/build_tools/gcc_b1620/gcc-6.3-arm32-eabi/bin/../lib/gcc/arm-none-eabi/6.3.1/thumb/v7e-m/fpv4-sp/hard/crti.o
LOAD c:/nxp/s32ds.3.6/s32ds/build_tools/gcc_b1620/gcc-6.3-arm32-eabi/bin/../lib/gcc/arm-none-eabi/6.3.1/thumb/v7e-m/fpv4-sp/hard/crtbegin.o
LOAD C:/NXP/S32DS.3.6/S32DS/build_tools/gcc_b1620/gcc-6.3-arm32-eabi/arm-none-eabi/newlib/lib/thumb/v7e-m/fpv4-sp/hard/crt0.o
LOAD ./Project_Settings/Startup_Code/startup_S32K144.o
LOAD ./SDK/platform/devices/S32K144/startup/system_S32K144.o
LOAD ./SDK/platform/devices/startup.o
LOAD ./SDK/platform/drivers/src/adc/adc_driver.o
LOAD ./SDK/platform/drivers/src/clock/S32K1xx/clock_S32K1xx.o
LOAD ./SDK/platform/drivers/src/edma/edma_driver.o
LOAD ./SDK/platform/drivers/src/edma/edma_hw_access.o
LOAD ./SDK/platform/drivers/src/edma/edma_irq.o
LOAD ./SDK/platform/drivers/src/interrupt/interrupt_manager.o
LOAD ./SDK/platform/drivers/src/lpuart/lpuart_driver.o
LOAD ./SDK/platform/drivers/src/lpuart/lpuart_hw_access.o
LOAD ./SDK/platform/drivers/src/lpuart/lpuart_irq.o
LOAD ./SDK/platform/drivers/src/pins/pins_driver.o
LOAD ./SDK/platform/drivers/src/pins/pins_port_hw_access.o
LOAD ./SDK/rtos/osif/osif_baremetal.o
LOAD ./board/clock_config.o
LOAD ./board/peripherals_ADC_0.o
LOAD ./board/peripherals_EDMA.o
LOAD ./board/peripherals_LPUART_1.o
LOAD ./board/peripherals_osif1.o
LOAD ./board/pin_mux.o
LOAD ./src/helper_functions.o
LOAD ./src/main.o
START GROUP
LOAD c:/nxp/s32ds.3.6/s32ds/build_tools/gcc_b1620/gcc-6.3-arm32-eabi/bin/../lib/gcc/arm-none-eabi/6.3.1/thumb/v7e-m/fpv4-sp/hard\libgcc.a
LOAD C:/NXP/S32DS.3.6/S32DS/build_tools/gcc_b1620/gcc-6.3-arm32-eabi/arm-none-eabi/newlib/lib/thumb/v7e-m/fpv4-sp/hard\libc_nano.a
END GROUP
START GROUP
LOAD c:/nxp/s32ds.3.6/s32ds/build_tools/gcc_b1620/gcc-6.3-arm32-eabi/bin/../lib/gcc/arm-none-eabi/6.3.1/thumb/v7e-m/fpv4-sp/hard\libgcc.a
LOAD C:/NXP/S32DS.3.6/S32DS/build_tools/gcc_b1620/gcc-6.3-arm32-eabi/arm-none-eabi/newlib/lib/thumb/v7e-m/fpv4-sp/hard\libc_nano.a
LOAD C:/NXP/S32DS.3.6/S32DS/build_tools/gcc_b1620/gcc-6.3-arm32-eabi/arm-none-eabi/newlib/lib/thumb/v7e-m/fpv4-sp/hard\libnosys.a
END GROUP
START GROUP
LOAD c:/nxp/s32ds.3.6/s32ds/build_tools/gcc_b1620/gcc-6.3-arm32-eabi/bin/../lib/gcc/arm-none-eabi/6.3.1/thumb/v7e-m/fpv4-sp/hard\libgcc.a
LOAD C:/NXP/S32DS.3.6/S32DS/build_tools/gcc_b1620/gcc-6.3-arm32-eabi/arm-none-eabi/newlib/lib/thumb/v7e-m/fpv4-sp/hard\libc_nano.a
LOAD C:/NXP/S32DS.3.6/S32DS/build_tools/gcc_b1620/gcc-6.3-arm32-eabi/arm-none-eabi/newlib/lib/thumb/v7e-m/fpv4-sp/hard\libnosys.a
END GROUP
LOAD c:/nxp/s32ds.3.6/s32ds/build_tools/gcc_b1620/gcc-6.3-arm32-eabi/bin/../lib/gcc/arm-none-eabi/6.3.1/thumb/v7e-m/fpv4-sp/hard/crtend.o
LOAD c:/nxp/s32ds.3.6/s32ds/build_tools/gcc_b1620/gcc-6.3-arm32-eabi/bin/../lib/gcc/arm-none-eabi/6.3.1/thumb/v7e-m/fpv4-sp/hard/crtn.o
                0x00000400                HEAP_SIZE = DEFINED (__heap_size__)?__heap_size__:0x400
                0x00000400                STACK_SIZE = DEFINED (__stack_size__)?__stack_size__:0x400
                0x00000400                M_VECTOR_RAM_SIZE = DEFINED (__flash_vector_table__)?0x0:0x400

.interrupts     0x00000000      0x400
                0x00000000                __VECTOR_TABLE = .
                0x00000000                __interrupts_start__ = .
                0x00000000                . = ALIGN (0x4)
 *(.isr_vector)
 .isr_vector    0x00000000      0x400 ./Project_Settings/Startup_Code/startup_S32K144.o
                0x00000000                __isr_vector
                0x00000400                __interrupts_end__ = .
                0x00000400                . = ALIGN (0x4)

.flash_config   0x00000400       0x10
                0x00000400                . = ALIGN (0x4)
 *(.FlashConfig)
 .FlashConfig   0x00000400       0x10 ./Project_Settings/Startup_Code/startup_S32K144.o
                0x00000410                . = ALIGN (0x4)

.text           0x00000410     0x3de4
                0x00000410                . = ALIGN (0x4)
 *(.text)
 .text          0x00000410       0x6c ./Project_Settings/Startup_Code/startup_S32K144.o
                0x00000410                Reset_Handler
                0x00000478                DebugMon_Handler
                0x00000478                Reserved88_IRQHandler
                0x00000478                CAN0_ORed_IRQHandler
                0x00000478                HardFault_Handler
                0x00000478                Reserved86_IRQHandler
                0x00000478                Reserved103_IRQHandler
                0x00000478                FTM2_Ovf_Reload_IRQHandler
                0x00000478                Reserved50_IRQHandler
                0x00000478                FTFC_Fault_IRQHandler
                0x00000478                FTM0_Ch6_Ch7_IRQHandler
                0x00000478                Reserved114_IRQHandler
                0x00000478                PendSV_Handler
                0x00000478                NMI_Handler
                0x00000478                Reserved89_IRQHandler
                0x00000478                ERM_double_fault_IRQHandler
                0x00000478                Reserved59_IRQHandler
                0x00000478                LPIT0_Ch0_IRQHandler
                0x00000478                Reserved99_IRQHandler
                0x00000478                FTM3_Ch6_Ch7_IRQHandler
                0x00000478                CAN2_ORed_0_15_MB_IRQHandler
                0x00000478                LPIT0_Ch3_IRQHandler
                0x00000478                Reserved92_IRQHandler
                0x00000478                FTM0_Ch4_Ch5_IRQHandler
                0x00000478                CAN1_Error_IRQHandler
                0x00000478                FTM3_Ch0_Ch1_IRQHandler
                0x00000478                SWI_IRQHandler
                0x00000478                ADC0_IRQHandler
                0x00000478                FTM2_Ch4_Ch5_IRQHandler
                0x00000478                UsageFault_Handler
                0x00000478                FTM0_Ovf_Reload_IRQHandler
                0x00000478                DefaultISR
                0x00000478                Reserved58_IRQHandler
                0x00000478                CAN1_ORed_0_15_MB_IRQHandler
                0x00000478                FTM1_Ch2_Ch3_IRQHandler
                0x00000478                Reserved82_IRQHandler
                0x00000478                CAN0_ORed_16_31_MB_IRQHandler
                0x00000478                LPI2C0_Slave_IRQHandler
                0x00000478                Reserved71_IRQHandler
                0x00000478                PORTD_IRQHandler
                0x00000478                Reserved69_IRQHandler
                0x00000478                PORTB_IRQHandler
                0x00000478                Reserved70_IRQHandler
                0x00000478                ADC1_IRQHandler
                0x00000478                FTM2_Ch2_Ch3_IRQHandler
                0x00000478                Reserved53_IRQHandler
                0x00000478                RTC_IRQHandler
                0x00000478                PDB0_IRQHandler
                0x00000478                Reserved54_IRQHandler
                0x00000478                FTM2_Ch6_Ch7_IRQHandler
                0x00000478                FTM3_Ch2_Ch3_IRQHandler
                0x00000478                FTM2_Ch0_Ch1_IRQHandler
                0x00000478                LPSPI1_IRQHandler
                0x00000478                LPUART1_RxTx_IRQHandler
                0x00000478                RTC_Seconds_IRQHandler
                0x00000478                CAN2_ORed_IRQHandler
                0x00000478                Reserved72_IRQHandler
                0x00000478                Reserved110_IRQHandler
                0x00000478                Reserved107_IRQHandler
                0x00000478                Read_Collision_IRQHandler
                0x00000478                CAN2_Error_IRQHandler
                0x00000478                FTFC_IRQHandler
                0x00000478                FTM1_Ch6_Ch7_IRQHandler
                0x00000478                Reserved105_IRQHandler
                0x00000478                LPIT0_Ch1_IRQHandler
                0x00000478                FTM1_Ch4_Ch5_IRQHandler
                0x00000478                FTM3_Ovf_Reload_IRQHandler
                0x00000478                LPUART2_RxTx_IRQHandler
                0x00000478                LPSPI0_IRQHandler
                0x00000478                WDOG_EWM_IRQHandler
                0x00000478                MemManage_Handler
                0x00000478                Reserved90_IRQHandler
                0x00000478                Reserved83_IRQHandler
                0x00000478                FTM0_Fault_IRQHandler
                0x00000478                Reserved48_IRQHandler
                0x00000478                SVC_Handler
                0x00000478                ERM_single_fault_IRQHandler
                0x00000478                FTM2_Fault_IRQHandler
                0x00000478                FTM0_Ch2_Ch3_IRQHandler
                0x00000478                FTM0_Ch0_Ch1_IRQHandler
                0x00000478                FTM3_Fault_IRQHandler
                0x00000478                RCM_IRQHandler
                0x00000478                Reserved100_IRQHandler
                0x00000478                Reserved91_IRQHandler
                0x00000478                CAN1_ORed_IRQHandler
                0x00000478                SCG_IRQHandler
                0x00000478                PDB1_IRQHandler
                0x00000478                Reserved81_IRQHandler
                0x00000478                Reserved46_IRQHandler
                0x00000478                Reserved45_IRQHandler
                0x00000478                CAN0_Error_IRQHandler
                0x00000478                Reserved112_IRQHandler
                0x00000478                LPI2C0_Master_IRQHandler
                0x00000478                FTM1_Fault_IRQHandler
                0x00000478                Reserved106_IRQHandler
                0x00000478                LVD_LVW_IRQHandler
                0x00000478                LPIT0_Ch2_IRQHandler
                0x00000478                PORTA_IRQHandler
                0x00000478                MCM_IRQHandler
                0x00000478                LPSPI2_IRQHandler
                0x00000478                FTM3_Ch4_Ch5_IRQHandler
                0x00000478                CAN0_ORed_0_15_MB_IRQHandler
                0x00000478                PORTE_IRQHandler
                0x00000478                LPUART0_RxTx_IRQHandler
                0x00000478                LPTMR0_IRQHandler
                0x00000478                BusFault_Handler
                0x00000478                Reserved87_IRQHandler
                0x00000478                FTM1_Ovf_Reload_IRQHandler
                0x00000478                Reserved93_IRQHandler
                0x00000478                CAN0_Wake_Up_IRQHandler
                0x00000478                CMP0_IRQHandler
                0x00000478                Reserved52_IRQHandler
                0x00000478                PORTC_IRQHandler
                0x00000478                FTM1_Ch0_Ch1_IRQHandler
                0x00000478                FLEXIO_IRQHandler
                0x00000478                Reserved113_IRQHandler
 .text          0x0000047c      0x378 c:/nxp/s32ds.3.6/s32ds/build_tools/gcc_b1620/gcc-6.3-arm32-eabi/bin/../lib/gcc/arm-none-eabi/6.3.1/thumb/v7e-m/fpv4-sp/hard\libgcc.a(_arm_addsubdf3.o)
                0x0000047c                __aeabi_drsub
                0x00000484                __aeabi_dsub
                0x00000484                __subdf3
                0x00000488                __aeabi_dadd
                0x00000488                __adddf3
                0x00000700                __floatunsidf
                0x00000700                __aeabi_ui2d
                0x00000720                __floatsidf
                0x00000720                __aeabi_i2d
                0x00000744                __aeabi_f2d
                0x00000744                __extendsfdf2
                0x00000788                __floatundidf
                0x00000788                __aeabi_ul2d
                0x00000798                __floatdidf
                0x00000798                __aeabi_l2d
 .text          0x000007f4      0x424 c:/nxp/s32ds.3.6/s32ds/build_tools/gcc_b1620/gcc-6.3-arm32-eabi/bin/../lib/gcc/arm-none-eabi/6.3.1/thumb/v7e-m/fpv4-sp/hard\libgcc.a(_arm_muldivdf3.o)
                0x000007f4                __aeabi_dmul
                0x000007f4                __muldf3
                0x00000a48                __divdf3
                0x00000a48                __aeabi_ddiv
 .text          0x00000c18       0x40 c:/nxp/s32ds.3.6/s32ds/build_tools/gcc_b1620/gcc-6.3-arm32-eabi/bin/../lib/gcc/arm-none-eabi/6.3.1/thumb/v7e-m/fpv4-sp/hard\libgcc.a(_arm_fixunsdfsi.o)
                0x00000c18                __aeabi_d2uiz
                0x00000c18                __fixunsdfsi
 .text          0x00000c58       0xa0 c:/nxp/s32ds.3.6/s32ds/build_tools/gcc_b1620/gcc-6.3-arm32-eabi/bin/../lib/gcc/arm-none-eabi/6.3.1/thumb/v7e-m/fpv4-sp/hard\libgcc.a(_arm_truncdfsf2.o)
                0x00000c58                __truncdfsf2
                0x00000c58                __aeabi_d2f
 .text          0x00000cf8       0x10 C:/NXP/S32DS.3.6/S32DS/build_tools/gcc_b1620/gcc-6.3-arm32-eabi/arm-none-eabi/newlib/lib/thumb/v7e-m/fpv4-sp/hard\libc_nano.a(lib_a-strlen.o)
                0x00000cf8                strlen
 *(.text*)
 .text.SystemInit
                0x00000d08       0x3c ./SDK/platform/devices/S32K144/startup/system_S32K144.o
                0x00000d08                SystemInit
 .text.init_data_bss
                0x00000d44       0xd8 ./SDK/platform/devices/startup.o
                0x00000d44                init_data_bss
 .text.ADC_DRV_ConfigConverter
                0x00000e1c      0x1a8 ./SDK/platform/drivers/src/adc/adc_driver.o
                0x00000e1c                ADC_DRV_ConfigConverter
 .text.ADC_DRV_ConfigChan
                0x00000fc4       0x98 ./SDK/platform/drivers/src/adc/adc_driver.o
                0x00000fc4                ADC_DRV_ConfigChan
 .text.ADC_DRV_WaitConvDone
                0x0000105c       0x20 ./SDK/platform/drivers/src/adc/adc_driver.o
                0x0000105c                ADC_DRV_WaitConvDone
 .text.ADC_DRV_GetChanResult
                0x0000107c       0x30 ./SDK/platform/drivers/src/adc/adc_driver.o
                0x0000107c                ADC_DRV_GetChanResult
 .text.ADC_DRV_AutoCalibration
                0x000010ac      0x174 ./SDK/platform/drivers/src/adc/adc_driver.o
                0x000010ac                ADC_DRV_AutoCalibration
 .text.CLOCK_SYS_GetCurrentRunMode
                0x00001220       0x24 ./SDK/platform/drivers/src/clock/S32K1xx/clock_S32K1xx.o
 .text.CLOCK_SYS_GetSysOscFreq
                0x00001244       0x1c ./SDK/platform/drivers/src/clock/S32K1xx/clock_S32K1xx.o
 .text.CLOCK_SYS_ConfigureSOSC
                0x00001260      0x12c ./SDK/platform/drivers/src/clock/S32K1xx/clock_S32K1xx.o
 .text.CLOCK_SYS_GetSircFreq
                0x0000138c       0x2c ./SDK/platform/drivers/src/clock/S32K1xx/clock_S32K1xx.o
 .text.CLOCK_SYS_ConfigureSIRC
                0x000013b8       0xc4 ./SDK/platform/drivers/src/clock/S32K1xx/clock_S32K1xx.o
 .text.CLOCK_SYS_GetFircFreq
                0x0000147c       0x20 ./SDK/platform/drivers/src/clock/S32K1xx/clock_S32K1xx.o
 .text.CLOCK_SYS_ConfigureFIRC
                0x0000149c       0xb4 ./SDK/platform/drivers/src/clock/S32K1xx/clock_S32K1xx.o
 .text.CLOCK_SYS_GetSysPllFreq
                0x00001550       0x44 ./SDK/platform/drivers/src/clock/S32K1xx/clock_S32K1xx.o
 .text.CLOCK_SYS_ConfigureSPLL
                0x00001594      0x12c ./SDK/platform/drivers/src/clock/S32K1xx/clock_S32K1xx.o
 .text.CLOCK_SYS_SetSystemClockConfig
                0x000016c0      0x204 ./SDK/platform/drivers/src/clock/S32K1xx/clock_S32K1xx.o
 .text.CLOCK_SYS_TransitionSystemClock
                0x000018c4       0x54 ./SDK/platform/drivers/src/clock/S32K1xx/clock_S32K1xx.o
 .text.CLOCK_SYS_GetSystemClockFreq
                0x00001918       0x80 ./SDK/platform/drivers/src/clock/S32K1xx/clock_S32K1xx.o
 .text.CLOCK_SYS_GetScgClkOutFreq
                0x00001998       0x44 ./SDK/platform/drivers/src/clock/S32K1xx/clock_S32K1xx.o
 .text.CLOCK_SYS_GetSysAsyncFreq
                0x000019dc       0xc0 ./SDK/platform/drivers/src/clock/S32K1xx/clock_S32K1xx.o
 .text.CLOCK_SYS_GetSimRtcClkFreq
                0x00001a9c       0x50 ./SDK/platform/drivers/src/clock/S32K1xx/clock_S32K1xx.o
 .text.CLOCK_SYS_GetLpoFreq
                0x00001aec       0x54 ./SDK/platform/drivers/src/clock/S32K1xx/clock_S32K1xx.o
 .text.CLOCK_SYS_GetSimClkOutFreq
                0x00001b40       0x98 ./SDK/platform/drivers/src/clock/S32K1xx/clock_S32K1xx.o
 .text.CLOCK_SYS_GetSimClockFreq
                0x00001bd8      0x190 ./SDK/platform/drivers/src/clock/S32K1xx/clock_S32K1xx.o
 .text.CLOCK_SYS_GetPeripheralClock
                0x00001d68       0xc8 ./SDK/platform/drivers/src/clock/S32K1xx/clock_S32K1xx.o
 .text.CLOCK_DRV_Init
                0x00001e30      0x610 ./SDK/platform/drivers/src/clock/S32K1xx/clock_S32K1xx.o
                0x00001e30                CLOCK_DRV_Init
 .text.CLOCK_DRV_GetFreq
                0x00002440      0x1dc ./SDK/platform/drivers/src/clock/S32K1xx/clock_S32K1xx.o
                0x00002440                CLOCK_DRV_GetFreq
 .text.CLOCK_SYS_Init
                0x0000261c       0x28 ./SDK/platform/drivers/src/clock/S32K1xx/clock_S32K1xx.o
                0x0000261c                CLOCK_SYS_Init
 .text.CLOCK_SYS_UpdateConfiguration
                0x00002644       0xf4 ./SDK/platform/drivers/src/clock/S32K1xx/clock_S32K1xx.o
                0x00002644                CLOCK_SYS_UpdateConfiguration
 .text.CLOCK_SYS_GetFreq
                0x00002738        0x8 ./SDK/platform/drivers/src/clock/S32K1xx/clock_S32K1xx.o
                0x00002738                CLOCK_SYS_GetFreq
 .text.EDMA_DRV_ClearIntStatus
                0x00002740       0x20 ./SDK/platform/drivers/src/edma/edma_driver.o
 .text.EDMA_DRV_InstallCallback
                0x00002760       0x38 ./SDK/platform/drivers/src/edma/edma_driver.o
                0x00002760                EDMA_DRV_InstallCallback
 .text.EDMA_DRV_IRQHandler
                0x00002798       0x20 ./SDK/platform/drivers/src/edma/edma_driver.o
                0x00002798                EDMA_DRV_IRQHandler
 .text.EDMA_DRV_ErrorIRQHandler
                0x000027b8       0x40 ./SDK/platform/drivers/src/edma/edma_driver.o
                0x000027b8                EDMA_DRV_ErrorIRQHandler
 .text.EDMA_DRV_ConfigSingleBlockTransfer
                0x000027f8      0x1f0 ./SDK/platform/drivers/src/edma/edma_driver.o
                0x000027f8                EDMA_DRV_ConfigSingleBlockTransfer
 .text.EDMA_DRV_ConfigMultiBlockTransfer
                0x000029e8       0x9c ./SDK/platform/drivers/src/edma/edma_driver.o
                0x000029e8                EDMA_DRV_ConfigMultiBlockTransfer
 .text.EDMA_DRV_StartChannel
                0x00002a84       0x38 ./SDK/platform/drivers/src/edma/edma_driver.o
                0x00002a84                EDMA_DRV_StartChannel
 .text.EDMA_DRV_StopChannel
                0x00002abc       0x38 ./SDK/platform/drivers/src/edma/edma_driver.o
                0x00002abc                EDMA_DRV_StopChannel
 .text.EDMA_DRV_SetSrcAddr
                0x00002af4       0x34 ./SDK/platform/drivers/src/edma/edma_driver.o
                0x00002af4                EDMA_DRV_SetSrcAddr
 .text.EDMA_DRV_SetMajorLoopIterationCount
                0x00002b28       0x34 ./SDK/platform/drivers/src/edma/edma_driver.o
                0x00002b28                EDMA_DRV_SetMajorLoopIterationCount
 .text.EDMA_DRV_GetRemainingMajorIterationsCount
                0x00002b5c       0x34 ./SDK/platform/drivers/src/edma/edma_driver.o
                0x00002b5c                EDMA_DRV_GetRemainingMajorIterationsCount
 .text.EDMA_DRV_GetDmaRegBaseAddr
                0x00002b90       0x10 ./SDK/platform/drivers/src/edma/edma_driver.o
                0x00002b90                EDMA_DRV_GetDmaRegBaseAddr
 .text.EDMA_SetDmaRequestCmd
                0x00002ba0        0xa ./SDK/platform/drivers/src/edma/edma_hw_access.o
                0x00002ba0                EDMA_SetDmaRequestCmd
 .text.EDMA_TCDClearReg
                0x00002baa       0x4a ./SDK/platform/drivers/src/edma/edma_hw_access.o
                0x00002baa                EDMA_TCDClearReg
 .text.EDMA_TCDSetAttribute
                0x00002bf4       0x38 ./SDK/platform/drivers/src/edma/edma_hw_access.o
                0x00002bf4                EDMA_TCDSetAttribute
 .text.EDMA_TCDSetNbytes
                0x00002c2c       0x64 ./SDK/platform/drivers/src/edma/edma_hw_access.o
                0x00002c2c                EDMA_TCDSetNbytes
 .text.EDMA_TCDSetMajorCount
                0x00002c90       0x68 ./SDK/platform/drivers/src/edma/edma_hw_access.o
                0x00002c90                EDMA_TCDSetMajorCount
 .text.EDMA_TCDGetCurrentMajorCount
                0x00002cf8       0x2c ./SDK/platform/drivers/src/edma/edma_hw_access.o
                0x00002cf8                EDMA_TCDGetCurrentMajorCount
 .text.DMA0_IRQHandler
                0x00002d24        0xa ./SDK/platform/drivers/src/edma/edma_irq.o
                0x00002d24                DMA0_IRQHandler
 .text.DMA1_IRQHandler
                0x00002d2e        0xa ./SDK/platform/drivers/src/edma/edma_irq.o
                0x00002d2e                DMA1_IRQHandler
 .text.DMA2_IRQHandler
                0x00002d38        0xa ./SDK/platform/drivers/src/edma/edma_irq.o
                0x00002d38                DMA2_IRQHandler
 .text.DMA3_IRQHandler
                0x00002d42        0xa ./SDK/platform/drivers/src/edma/edma_irq.o
                0x00002d42                DMA3_IRQHandler
 .text.DMA4_IRQHandler
                0x00002d4c        0xa ./SDK/platform/drivers/src/edma/edma_irq.o
                0x00002d4c                DMA4_IRQHandler
 .text.DMA5_IRQHandler
                0x00002d56        0xa ./SDK/platform/drivers/src/edma/edma_irq.o
                0x00002d56                DMA5_IRQHandler
 .text.DMA6_IRQHandler
                0x00002d60        0xa ./SDK/platform/drivers/src/edma/edma_irq.o
                0x00002d60                DMA6_IRQHandler
 .text.DMA7_IRQHandler
                0x00002d6a        0xa ./SDK/platform/drivers/src/edma/edma_irq.o
                0x00002d6a                DMA7_IRQHandler
 .text.DMA8_IRQHandler
                0x00002d74        0xa ./SDK/platform/drivers/src/edma/edma_irq.o
                0x00002d74                DMA8_IRQHandler
 .text.DMA9_IRQHandler
                0x00002d7e        0xa ./SDK/platform/drivers/src/edma/edma_irq.o
                0x00002d7e                DMA9_IRQHandler
 .text.DMA10_IRQHandler
                0x00002d88        0xa ./SDK/platform/drivers/src/edma/edma_irq.o
                0x00002d88                DMA10_IRQHandler
 .text.DMA11_IRQHandler
                0x00002d92        0xa ./SDK/platform/drivers/src/edma/edma_irq.o
                0x00002d92                DMA11_IRQHandler
 .text.DMA12_IRQHandler
                0x00002d9c        0xa ./SDK/platform/drivers/src/edma/edma_irq.o
                0x00002d9c                DMA12_IRQHandler
 .text.DMA13_IRQHandler
                0x00002da6        0xa ./SDK/platform/drivers/src/edma/edma_irq.o
                0x00002da6                DMA13_IRQHandler
 .text.DMA14_IRQHandler
                0x00002db0        0xa ./SDK/platform/drivers/src/edma/edma_irq.o
                0x00002db0                DMA14_IRQHandler
 .text.DMA15_IRQHandler
                0x00002dba        0xa ./SDK/platform/drivers/src/edma/edma_irq.o
                0x00002dba                DMA15_IRQHandler
 .text.DMA_Error_IRQHandler
                0x00002dc4       0x28 ./SDK/platform/drivers/src/edma/edma_irq.o
                0x00002dc4                DMA_Error_IRQHandler
 .text.INT_SYS_InstallHandler
                0x00002dec       0x60 ./SDK/platform/drivers/src/interrupt/interrupt_manager.o
                0x00002dec                INT_SYS_InstallHandler
 .text.INT_SYS_EnableIRQ
                0x00002e4c       0x28 ./SDK/platform/drivers/src/interrupt/interrupt_manager.o
                0x00002e4c                INT_SYS_EnableIRQ
 .text.INT_SYS_EnableIRQGlobal
                0x00002e74       0x1c ./SDK/platform/drivers/src/interrupt/interrupt_manager.o
                0x00002e74                INT_SYS_EnableIRQGlobal
 .text.INT_SYS_DisableIRQGlobal
                0x00002e90       0x10 ./SDK/platform/drivers/src/interrupt/interrupt_manager.o
                0x00002e90                INT_SYS_DisableIRQGlobal
 .text.LPUART_DRV_StartSendDataUsingInt
                0x00002ea0       0x7c ./SDK/platform/drivers/src/lpuart/lpuart_driver.o
 .text.LPUART_DRV_StartSendDataUsingDma
                0x00002f1c       0x94 ./SDK/platform/drivers/src/lpuart/lpuart_driver.o
 .text.LPUART_DRV_CompleteSendDataUsingInt
                0x00002fb0       0x6c ./SDK/platform/drivers/src/lpuart/lpuart_driver.o
 .text.LPUART_DRV_StopTxDma
                0x0000301c       0x64 ./SDK/platform/drivers/src/lpuart/lpuart_driver.o
 .text.LPUART_DRV_TxDmaCallback
                0x00003080       0x74 ./SDK/platform/drivers/src/lpuart/lpuart_driver.o
 .text.LPUART_DRV_PutData
                0x000030f4       0x44 ./SDK/platform/drivers/src/lpuart/lpuart_driver.o
 .text.LPUART_DRV_CompleteReceiveDataUsingInt
                0x00003138       0x68 ./SDK/platform/drivers/src/lpuart/lpuart_driver.o
 .text.LPUART_DRV_StopRxDma
                0x000031a0       0x64 ./SDK/platform/drivers/src/lpuart/lpuart_driver.o
 .text.LPUART_DRV_GetData
                0x00003204       0x60 ./SDK/platform/drivers/src/lpuart/lpuart_driver.o
 .text.LPUART_DRV_SendData
                0x00003264       0x3c ./SDK/platform/drivers/src/lpuart/lpuart_driver.o
                0x00003264                LPUART_DRV_SendData
 .text.LPUART_DRV_GetTransmitStatus
                0x000032a0       0x40 ./SDK/platform/drivers/src/lpuart/lpuart_driver.o
                0x000032a0                LPUART_DRV_GetTransmitStatus
 .text.LPUART_DRV_SetBaudRate
                0x000032e0      0x10c ./SDK/platform/drivers/src/lpuart/lpuart_driver.o
                0x000032e0                LPUART_DRV_SetBaudRate
 .text.LPUART_DRV_Init
                0x000033ec      0x138 ./SDK/platform/drivers/src/lpuart/lpuart_driver.o
                0x000033ec                LPUART_DRV_Init
 .text.LPUART_DRV_IRQHandler
                0x00003524      0x274 ./SDK/platform/drivers/src/lpuart/lpuart_driver.o
                0x00003524                LPUART_DRV_IRQHandler
 .text.LPUART_Init
                0x00003798       0x24 ./SDK/platform/drivers/src/lpuart/lpuart_hw_access.o
                0x00003798                LPUART_Init
 .text.LPUART_SetBitCountPerChar
                0x000037bc       0x30 ./SDK/platform/drivers/src/lpuart/lpuart_hw_access.o
                0x000037bc                LPUART_SetBitCountPerChar
 .text.LPUART_SetParityMode
                0x000037ec       0x1e ./SDK/platform/drivers/src/lpuart/lpuart_hw_access.o
                0x000037ec                LPUART_SetParityMode
 .text.LPUART_Putchar9
                0x0000380a       0x16 ./SDK/platform/drivers/src/lpuart/lpuart_hw_access.o
                0x0000380a                LPUART_Putchar9
 .text.LPUART_Putchar10
                0x00003820       0x22 ./SDK/platform/drivers/src/lpuart/lpuart_hw_access.o
                0x00003820                LPUART_Putchar10
 .text.LPUART_Getchar9
                0x00003842       0x1e ./SDK/platform/drivers/src/lpuart/lpuart_hw_access.o
                0x00003842                LPUART_Getchar9
 .text.LPUART_Getchar10
                0x00003860       0x26 ./SDK/platform/drivers/src/lpuart/lpuart_hw_access.o
                0x00003860                LPUART_Getchar10
 .text.LPUART_SetIntMode
                0x00003886       0x70 ./SDK/platform/drivers/src/lpuart/lpuart_hw_access.o
                0x00003886                LPUART_SetIntMode
 .text.LPUART_GetIntMode
                0x000038f6       0x4a ./SDK/platform/drivers/src/lpuart/lpuart_hw_access.o
                0x000038f6                LPUART_GetIntMode
 .text.LPUART_GetStatusFlag
                0x00003940       0x48 ./SDK/platform/drivers/src/lpuart/lpuart_hw_access.o
                0x00003940                LPUART_GetStatusFlag
 .text.LPUART_SetErrorInterrupts
                0x00003988       0x40 ./SDK/platform/drivers/src/lpuart/lpuart_hw_access.o
                0x00003988                LPUART_SetErrorInterrupts
 .text.LPUART0_IrqHandler
                0x000039c8        0xa ./SDK/platform/drivers/src/lpuart/lpuart_irq.o
                0x000039c8                LPUART0_IrqHandler
 .text.LPUART1_IrqHandler
                0x000039d2        0xa ./SDK/platform/drivers/src/lpuart/lpuart_irq.o
                0x000039d2                LPUART1_IrqHandler
 .text.LPUART2_IrqHandler
                0x000039dc        0xa ./SDK/platform/drivers/src/lpuart/lpuart_irq.o
                0x000039dc                LPUART2_IrqHandler
 .text.PINS_DRV_Init
                0x000039e6       0x20 ./SDK/platform/drivers/src/pins/pins_driver.o
                0x000039e6                PINS_DRV_Init
 *fill*         0x00003a06        0x2 
 .text.PINS_GetAdcInterleaveVal
                0x00003a08       0x70 ./SDK/platform/drivers/src/pins/pins_port_hw_access.o
 .text.PINS_Init
                0x00003a78      0x138 ./SDK/platform/drivers/src/pins/pins_port_hw_access.o
                0x00003a78                PINS_Init
 .text.SysTick_Handler
                0x00003bb0       0x10 ./SDK/rtos/osif/osif_baremetal.o
                0x00003bb0                SysTick_Handler
 .text.OSIF_SemaPost
                0x00003bc0       0x2c ./SDK/rtos/osif/osif_baremetal.o
                0x00003bc0                OSIF_SemaPost
 .text.OSIF_SemaCreate
                0x00003bec       0x1a ./SDK/rtos/osif/osif_baremetal.o
                0x00003bec                OSIF_SemaCreate
 .text.floatToStr
                0x00003c06       0x8e ./src/helper_functions.o
                0x00003c06                floatToStr
 .text.delayCycles
                0x00003c94       0x12 ./src/helper_functions.o
                0x00003c94                delayCycles
 .text.enableFPU
                0x00003ca6       0x12 ./src/helper_functions.o
                0x00003ca6                enableFPU
 .text.oneLogic
                0x00003cb8       0x20 ./src/main.o
                0x00003cb8                oneLogic
 .text.zeroLogic
                0x00003cd8       0x20 ./src/main.o
                0x00003cd8                zeroLogic
 .text.set_color
                0x00003cf8       0x26 ./src/main.o
                0x00003cf8                set_color
 .text.print    0x00003d1e       0x26 ./src/main.o
                0x00003d1e                print
 .text.setColor
                0x00003d44       0x18 ./src/main.o
                0x00003d44                setColor
 .text.print_LEDs
                0x00003d5c       0x5c ./src/main.o
                0x00003d5c                print_LEDs
 .text.main     0x00003db8      0x188 ./src/main.o
                0x00003db8                main
 .text.memset   0x00003f40       0x10 C:/NXP/S32DS.3.6/S32DS/build_tools/gcc_b1620/gcc-6.3-arm32-eabi/arm-none-eabi/newlib/lib/thumb/v7e-m/fpv4-sp/hard\libc_nano.a(lib_a-memset.o)
                0x00003f40                memset
 *(.rodata)
 *(.rodata*)
 .rodata.s_adcBase
                0x00003f50        0x8 ./SDK/platform/drivers/src/adc/adc_driver.o
 .rodata.clockNameMappings
                0x00003f58       0x9e ./SDK/platform/drivers/src/clock/S32K1xx/clock_S32K1xx.o
                0x00003f58                clockNameMappings
 *fill*         0x00003ff6        0x2 
 .rodata.maxSysClksInHSRUN.7631
                0x00003ff8       0x54 ./SDK/platform/drivers/src/clock/S32K1xx/clock_S32K1xx.o
 .rodata.maxSysClksInRUN.7630
                0x0000404c       0x54 ./SDK/platform/drivers/src/clock/S32K1xx/clock_S32K1xx.o
 .rodata.maxSysClksInVLPR.7629
                0x000040a0       0x54 ./SDK/platform/drivers/src/clock/S32K1xx/clock_S32K1xx.o
 .rodata.peripheralFeaturesList
                0x000040f4       0x4f ./SDK/platform/drivers/src/clock/S32K1xx/clock_S32K1xx.o
                0x000040f4                peripheralFeaturesList
 *fill*         0x00004143        0x1 
 .rodata.s_lpuartBase
                0x00004144        0xc ./SDK/platform/drivers/src/lpuart/lpuart_driver.o
 .rodata.s_lpuartClkNames
                0x00004150        0x3 ./SDK/platform/drivers/src/lpuart/lpuart_driver.o
 *fill*         0x00004153        0x1 
 .rodata.s_lpuartRxTxIrqId
                0x00004154        0x3 ./SDK/platform/drivers/src/lpuart/lpuart_driver.o
 *fill*         0x00004157        0x1 
 .rodata.ADC_0_ConvConfig0
                0x00004158        0xb ./board/peripherals_ADC_0.o
                0x00004158                ADC_0_ConvConfig0
 *fill*         0x00004163        0x1 
 .rodata.main.str1.4
                0x00004164       0x88 ./src/main.o
                                 0x85 (size before relaxing)
 *(.init)
 .init          0x000041ec        0x4 c:/nxp/s32ds.3.6/s32ds/build_tools/gcc_b1620/gcc-6.3-arm32-eabi/bin/../lib/gcc/arm-none-eabi/6.3.1/thumb/v7e-m/fpv4-sp/hard/crti.o
                0x000041ec                _init
 *(.fini)
 .fini          0x000041f0        0x4 c:/nxp/s32ds.3.6/s32ds/build_tools/gcc_b1620/gcc-6.3-arm32-eabi/bin/../lib/gcc/arm-none-eabi/6.3.1/thumb/v7e-m/fpv4-sp/hard/crti.o
                0x000041f0                _fini
 *(.eh_frame)
                0x000041f4                . = ALIGN (0x4)

.glue_7         0x000041f4        0x0
 .glue_7        0x000041f4        0x0 linker stubs

.glue_7t        0x000041f4        0x0
 .glue_7t       0x000041f4        0x0 linker stubs

.vfp11_veneer   0x000041f4        0x0
 .vfp11_veneer  0x000041f4        0x0 linker stubs

.v4_bx          0x000041f4        0x0
 .v4_bx         0x000041f4        0x0 linker stubs

.iplt           0x000041f4        0x0
 .iplt          0x000041f4        0x0 ./Project_Settings/Startup_Code/startup_S32K144.o

.rel.dyn        0x000041f4        0x0
 .rel.iplt      0x000041f4        0x0 ./Project_Settings/Startup_Code/startup_S32K144.o

.ARM            0x000041f4        0x0
                0x000041f4                __exidx_start = .
 *(.ARM.exidx*)
                0x000041f4                __exidx_end = .
                0x000041f4                __etext = .
                0x000041f4                __DATA_ROM = .

.interrupts_ram
                0x1fff8000      0x400
                0x1fff8000                . = ALIGN (0x4)
                0x1fff8000                __VECTOR_RAM__ = .
                0x1fff8000                __RAM_START = .
                0x1fff8000                __interrupts_ram_start__ = .
 *(.m_interrupts_ram)
                0x1fff8400                . = (. + M_VECTOR_RAM_SIZE)
 *fill*         0x1fff8000      0x400 
                0x1fff8400                . = ALIGN (0x4)
                0x1fff8400                __interrupts_ram_end__ = .
                0x1fff8000                __VECTOR_RAM = DEFINED (__flash_vector_table__)?ORIGIN (m_interrupts):__VECTOR_RAM__
                0x00000400                __RAM_VECTOR_TABLE_SIZE = DEFINED (__flash_vector_table__)?0x0:(__interrupts_ram_end__ - __interrupts_ram_start__)

.data           0x1fff8400      0x27c load address 0x000041f4
                0x1fff8400                . = ALIGN (0x4)
                0x1fff8400                __DATA_RAM = .
                0x1fff8400                __data_start__ = .
 *(.data)
 *(.data*)
 .data.peripheralClockConfig.7378
                0x1fff8400       0xa0 ./SDK/platform/drivers/src/clock/S32K1xx/clock_S32K1xx.o
 .data.g_lpuartIsr
                0x1fff84a0        0xc ./SDK/platform/drivers/src/lpuart/lpuart_irq.o
                0x1fff84a0                g_lpuartIsr
 .data.clockMan1_InitConfig0
                0x1fff84ac       0x88 ./board/clock_config.o
                0x1fff84ac                clockMan1_InitConfig0
 .data.g_clockManConfigsArr
                0x1fff8534        0x4 ./board/clock_config.o
                0x1fff8534                g_clockManConfigsArr
 .data.peripheralClockConfig0
                0x1fff8538       0xa0 ./board/clock_config.o
                0x1fff8538                peripheralClockConfig0
 .data.ADC_0_ChnConfig0
                0x1fff85d8        0x4 ./board/peripherals_ADC_0.o
                0x1fff85d8                ADC_0_ChnConfig0
 .data.lpUartInitConfig1
                0x1fff85dc        0xc ./board/peripherals_LPUART_1.o
                0x1fff85dc                lpUartInitConfig1
 .data.g_pin_mux_InitConfigArr0
                0x1fff85e8       0x78 ./board/pin_mux.o
                0x1fff85e8                g_pin_mux_InitConfigArr0
 .data.leds_values
                0x1fff8660       0x1b ./src/main.o
                0x1fff8660                leds_values
                0x1fff867c                . = ALIGN (0x4)
 *fill*         0x1fff867b        0x1 
                0x1fff867c                __data_end__ = .
                0x00004470                __DATA_END = (__DATA_ROM + (__data_end__ - __data_start__))
                0x00004470                __CODE_ROM = __DATA_END

.igot.plt       0x1fff867c        0x0 load address 0x00004470
 .igot.plt      0x1fff867c        0x0 ./Project_Settings/Startup_Code/startup_S32K144.o

.code           0x1fff867c        0x0 load address 0x00004470
                0x1fff867c                . = ALIGN (0x4)
                0x1fff867c                __CODE_RAM = .
                0x1fff867c                __code_start__ = .
                0x1fff867c                __code_ram_start__ = .
 *(.code_ram)
                0x1fff867c                . = ALIGN (0x4)
                0x1fff867c                __code_end__ = .
                0x1fff867c                __code_ram_end__ = .
                0x00004470                __CODE_END = (__CODE_ROM + (__code_end__ - __code_start__))
                0x00004470                __CUSTOM_ROM = __CODE_END

.customSectionBlock
                0x20000000        0x0 load address 0x00004470
                0x20000000                __customSection_start__ = .
 *(.customSection)
                0x20000000                __customSection_end__ = .
                0x00004470                __CUSTOM_END = (__CUSTOM_ROM + (__customSection_end__ - __customSection_start__))
                0x00004470                __rom_end = __CUSTOM_END

.bss            0x20000000       0x78
                0x20000000                . = ALIGN (0x4)
                0x20000000                __BSS_START = .
                0x20000000                __bss_start__ = .
 *(.bss)
 *(.bss*)
 .bss.g_RtcClkInFreq
                0x20000000        0x4 ./SDK/platform/drivers/src/clock/S32K1xx/clock_S32K1xx.o
                0x20000000                g_RtcClkInFreq
 .bss.g_TClkFreq
                0x20000004        0xc ./SDK/platform/drivers/src/clock/S32K1xx/clock_S32K1xx.o
                0x20000004                g_TClkFreq
 .bss.g_clockState
                0x20000010       0x10 ./SDK/platform/drivers/src/clock/S32K1xx/clock_S32K1xx.o
 .bss.g_xtal0ClkFreq
                0x20000020        0x4 ./SDK/platform/drivers/src/clock/S32K1xx/clock_S32K1xx.o
                0x20000020                g_xtal0ClkFreq
 .bss.s_virtEdmaState
                0x20000024        0x4 ./SDK/platform/drivers/src/edma/edma_driver.o
 .bss.g_interruptDisableCount
                0x20000028        0x4 ./SDK/platform/drivers/src/interrupt/interrupt_manager.o
 .bss.s_lpuartStatePtr
                0x2000002c        0xc ./SDK/platform/drivers/src/lpuart/lpuart_driver.o
 .bss.s_osif_tick_cnt
                0x20000038        0x4 ./SDK/rtos/osif/osif_baremetal.o
 .bss.g_clockManCallbacksArr
                0x2000003c        0x4 ./board/clock_config.o
                0x2000003c                g_clockManCallbacksArr
 .bss.lpUartState1
                0x20000040       0x34 ./board/peripherals_LPUART_1.o
                0x20000040                lpUartState1
 .bss.leds_on   0x20000074        0x1 ./src/main.o
                0x20000074                leds_on
 *(COMMON)
                0x20000078                . = ALIGN (0x4)
 *fill*         0x20000075        0x3 
                0x20000078                __bss_end__ = .
                0x20000078                __BSS_END = .

.heap           0x20000078      0x400
                0x20000078                . = ALIGN (0x8)
                0x20000078                __end__ = .
                0x20000078                __heap_start__ = .
                [!provide]                PROVIDE (end = .)
                [!provide]                PROVIDE (_end = .)
                [!provide]                PROVIDE (__end = .)
                0x20000078                __HeapBase = .
                0x20000478                . = (. + HEAP_SIZE)
 *fill*         0x20000078      0x400 
                0x20000478                __HeapLimit = .
                0x20000478                __heap_limit = .
                0x20000478                __heap_end__ = .
                0x20007000                __StackTop = (ORIGIN (m_data_2) + LENGTH (m_data_2))
                0x20006c00                __StackLimit = (__StackTop - STACK_SIZE)
                0x20007000                PROVIDE (__stack = __StackTop)
                0x20007000                __RAM_END = __StackTop

.stack          0x20006c00      0x400
                0x20006c00                . = ALIGN (0x8)
                0x20006c00                __stack_start__ = .
                0x20007000                . = (. + STACK_SIZE)
 *fill*         0x20006c00      0x400 
                0x20007000                __stack_end__ = .

.ARM.attributes
                0x00000000       0x30
 *(.ARM.attributes)
 .ARM.attributes
                0x00000000       0x22 c:/nxp/s32ds.3.6/s32ds/build_tools/gcc_b1620/gcc-6.3-arm32-eabi/bin/../lib/gcc/arm-none-eabi/6.3.1/thumb/v7e-m/fpv4-sp/hard/crti.o
 .ARM.attributes
                0x00000022       0x1f ./Project_Settings/Startup_Code/startup_S32K144.o
 .ARM.attributes
                0x00000041       0x39 ./SDK/platform/devices/S32K144/startup/system_S32K144.o
 .ARM.attributes
                0x0000007a       0x39 ./SDK/platform/devices/startup.o
 .ARM.attributes
                0x000000b3       0x39 ./SDK/platform/drivers/src/adc/adc_driver.o
 .ARM.attributes
                0x000000ec       0x39 ./SDK/platform/drivers/src/clock/S32K1xx/clock_S32K1xx.o
 .ARM.attributes
                0x00000125       0x39 ./SDK/platform/drivers/src/edma/edma_driver.o
 .ARM.attributes
                0x0000015e       0x39 ./SDK/platform/drivers/src/edma/edma_hw_access.o
 .ARM.attributes
                0x00000197       0x39 ./SDK/platform/drivers/src/edma/edma_irq.o
 .ARM.attributes
                0x000001d0       0x39 ./SDK/platform/drivers/src/interrupt/interrupt_manager.o
 .ARM.attributes
                0x00000209       0x39 ./SDK/platform/drivers/src/lpuart/lpuart_driver.o
 .ARM.attributes
                0x00000242       0x39 ./SDK/platform/drivers/src/lpuart/lpuart_hw_access.o
 .ARM.attributes
                0x0000027b       0x39 ./SDK/platform/drivers/src/lpuart/lpuart_irq.o
 .ARM.attributes
                0x000002b4       0x39 ./SDK/platform/drivers/src/pins/pins_driver.o
 .ARM.attributes
                0x000002ed       0x39 ./SDK/platform/drivers/src/pins/pins_port_hw_access.o
 .ARM.attributes
                0x00000326       0x39 ./SDK/rtos/osif/osif_baremetal.o
 .ARM.attributes
                0x0000035f       0x39 ./board/clock_config.o
 .ARM.attributes
                0x00000398       0x39 ./board/peripherals_ADC_0.o
 .ARM.attributes
                0x000003d1       0x39 ./board/peripherals_LPUART_1.o
 .ARM.attributes
                0x0000040a       0x39 ./board/pin_mux.o
 .ARM.attributes
                0x00000443       0x39 ./src/helper_functions.o
 .ARM.attributes
                0x0000047c       0x39 ./src/main.o
 .ARM.attributes
                0x000004b5       0x22 c:/nxp/s32ds.3.6/s32ds/build_tools/gcc_b1620/gcc-6.3-arm32-eabi/bin/../lib/gcc/arm-none-eabi/6.3.1/thumb/v7e-m/fpv4-sp/hard\libgcc.a(_arm_addsubdf3.o)
 .ARM.attributes
                0x000004d7       0x22 c:/nxp/s32ds.3.6/s32ds/build_tools/gcc_b1620/gcc-6.3-arm32-eabi/bin/../lib/gcc/arm-none-eabi/6.3.1/thumb/v7e-m/fpv4-sp/hard\libgcc.a(_arm_muldivdf3.o)
 .ARM.attributes
                0x000004f9       0x22 c:/nxp/s32ds.3.6/s32ds/build_tools/gcc_b1620/gcc-6.3-arm32-eabi/bin/../lib/gcc/arm-none-eabi/6.3.1/thumb/v7e-m/fpv4-sp/hard\libgcc.a(_arm_fixunsdfsi.o)
 .ARM.attributes
                0x0000051b       0x22 c:/nxp/s32ds.3.6/s32ds/build_tools/gcc_b1620/gcc-6.3-arm32-eabi/bin/../lib/gcc/arm-none-eabi/6.3.1/thumb/v7e-m/fpv4-sp/hard\libgcc.a(_arm_truncdfsf2.o)
 .ARM.attributes
                0x0000053d       0x34 C:/NXP/S32DS.3.6/S32DS/build_tools/gcc_b1620/gcc-6.3-arm32-eabi/arm-none-eabi/newlib/lib/thumb/v7e-m/fpv4-sp/hard\libc_nano.a(lib_a-memset.o)
 .ARM.attributes
                0x00000571       0x1b C:/NXP/S32DS.3.6/S32DS/build_tools/gcc_b1620/gcc-6.3-arm32-eabi/arm-none-eabi/newlib/lib/thumb/v7e-m/fpv4-sp/hard\libc_nano.a(lib_a-strlen.o)
                0x00000001                ASSERT ((__rom_end <= (ORIGIN (m_text) + LENGTH (m_text))), Region m_text overflowed!)
                0x00000001                ASSERT ((__StackLimit >= __HeapLimit), region m_data_2 overflowed with stack and heap)
OUTPUT(Brakes.elf elf32-littlearm)

.debug_line     0x00000000     0x93f9
 .debug_line    0x00000000       0xcc ./Project_Settings/Startup_Code/startup_S32K144.o
 .debug_line    0x000000cc      0x427 ./SDK/platform/devices/S32K144/startup/system_S32K144.o
 .debug_line    0x000004f3      0x3b5 ./SDK/platform/devices/startup.o
 .debug_line    0x000008a8      0xb91 ./SDK/platform/drivers/src/adc/adc_driver.o
 .debug_line    0x00001439     0x150b ./SDK/platform/drivers/src/clock/S32K1xx/clock_S32K1xx.o
 .debug_line    0x00002944     0x10e7 ./SDK/platform/drivers/src/edma/edma_driver.o
 .debug_line    0x00003a2b      0x61c ./SDK/platform/drivers/src/edma/edma_hw_access.o
 .debug_line    0x00004047      0x583 ./SDK/platform/drivers/src/edma/edma_irq.o
 .debug_line    0x000045ca      0x5ae ./SDK/platform/drivers/src/interrupt/interrupt_manager.o
 .debug_line    0x00004b78      0xe98 ./SDK/platform/drivers/src/lpuart/lpuart_driver.o
 .debug_line    0x00005a10      0x668 ./SDK/platform/drivers/src/lpuart/lpuart_hw_access.o
 .debug_line    0x00006078      0x45e ./SDK/platform/drivers/src/lpuart/lpuart_irq.o
 .debug_line    0x000064d6      0x6f5 ./SDK/platform/drivers/src/pins/pins_driver.o
 .debug_line    0x00006bcb      0x5b4 ./SDK/platform/drivers/src/pins/pins_port_hw_access.o
 .debug_line    0x0000717f      0x654 ./SDK/rtos/osif/osif_baremetal.o
 .debug_line    0x000077d3      0x455 ./board/clock_config.o
 .debug_line    0x00007c28      0x3e9 ./board/peripherals_ADC_0.o
 .debug_line    0x00008011      0x48e ./board/peripherals_LPUART_1.o
 .debug_line    0x0000849f      0x3ee ./board/pin_mux.o
 .debug_line    0x0000888d      0x3f5 ./src/helper_functions.o
 .debug_line    0x00008c82      0x777 ./src/main.o

.debug_info     0x00000000    0x1c2e6
 .debug_info    0x00000000       0x26 ./Project_Settings/Startup_Code/startup_S32K144.o
 .debug_info    0x00000026      0x521 ./SDK/platform/devices/S32K144/startup/system_S32K144.o
 .debug_info    0x00000547      0x2ad ./SDK/platform/devices/startup.o
 .debug_info    0x000007f4     0x3540 ./SDK/platform/drivers/src/adc/adc_driver.o
 .debug_info    0x00003d34     0x6226 ./SDK/platform/drivers/src/clock/S32K1xx/clock_S32K1xx.o
 .debug_info    0x00009f5a     0x489e ./SDK/platform/drivers/src/edma/edma_driver.o
 .debug_info    0x0000e7f8      0xa52 ./SDK/platform/drivers/src/edma/edma_hw_access.o
 .debug_info    0x0000f24a      0x6da ./SDK/platform/drivers/src/edma/edma_irq.o
 .debug_info    0x0000f924      0xc99 ./SDK/platform/drivers/src/interrupt/interrupt_manager.o
 .debug_info    0x000105bd     0x375f ./SDK/platform/drivers/src/lpuart/lpuart_driver.o
 .debug_info    0x00013d1c      0x9bb ./SDK/platform/drivers/src/lpuart/lpuart_hw_access.o
 .debug_info    0x000146d7      0x127 ./SDK/platform/drivers/src/lpuart/lpuart_irq.o
 .debug_info    0x000147fe     0x14b7 ./SDK/platform/drivers/src/pins/pins_driver.o
 .debug_info    0x00015cb5      0x9a5 ./SDK/platform/drivers/src/pins/pins_port_hw_access.o
 .debug_info    0x0001665a      0xbce ./SDK/rtos/osif/osif_baremetal.o
 .debug_info    0x00017228     0x12b9 ./board/clock_config.o
 .debug_info    0x000184e1      0x48f ./board/peripherals_ADC_0.o
 .debug_info    0x00018970      0x5c8 ./board/peripherals_LPUART_1.o
 .debug_info    0x00018f38      0x409 ./board/pin_mux.o
 .debug_info    0x00019341      0x33a ./src/helper_functions.o
 .debug_info    0x0001967b     0x2c6b ./src/main.o

.debug_abbrev   0x00000000     0x2a80
 .debug_abbrev  0x00000000       0x14 ./Project_Settings/Startup_Code/startup_S32K144.o
 .debug_abbrev  0x00000014      0x141 ./SDK/platform/devices/S32K144/startup/system_S32K144.o
 .debug_abbrev  0x00000155       0xe1 ./SDK/platform/devices/startup.o
 .debug_abbrev  0x00000236      0x39f ./SDK/platform/drivers/src/adc/adc_driver.o
 .debug_abbrev  0x000005d5      0x409 ./SDK/platform/drivers/src/clock/S32K1xx/clock_S32K1xx.o
 .debug_abbrev  0x000009de      0x412 ./SDK/platform/drivers/src/edma/edma_driver.o
 .debug_abbrev  0x00000df0      0x240 ./SDK/platform/drivers/src/edma/edma_hw_access.o
 .debug_abbrev  0x00001030      0x1b9 ./SDK/platform/drivers/src/edma/edma_irq.o
 .debug_abbrev  0x000011e9      0x278 ./SDK/platform/drivers/src/interrupt/interrupt_manager.o
 .debug_abbrev  0x00001461      0x3ab ./SDK/platform/drivers/src/lpuart/lpuart_driver.o
 .debug_abbrev  0x0000180c      0x1ed ./SDK/platform/drivers/src/lpuart/lpuart_hw_access.o
 .debug_abbrev  0x000019f9       0xba ./SDK/platform/drivers/src/lpuart/lpuart_irq.o
 .debug_abbrev  0x00001ab3      0x2f6 ./SDK/platform/drivers/src/pins/pins_driver.o
 .debug_abbrev  0x00001da9      0x232 ./SDK/platform/drivers/src/pins/pins_port_hw_access.o
 .debug_abbrev  0x00001fdb      0x2df ./SDK/rtos/osif/osif_baremetal.o
 .debug_abbrev  0x000022ba      0x125 ./board/clock_config.o
 .debug_abbrev  0x000023df       0xc1 ./board/peripherals_ADC_0.o
 .debug_abbrev  0x000024a0       0xbf ./board/peripherals_LPUART_1.o
 .debug_abbrev  0x0000255f       0xcd ./board/pin_mux.o
 .debug_abbrev  0x0000262c      0x13f ./src/helper_functions.o
 .debug_abbrev  0x0000276b      0x315 ./src/main.o

.debug_aranges  0x00000000      0x988
 .debug_aranges
                0x00000000       0x20 ./Project_Settings/Startup_Code/startup_S32K144.o
 .debug_aranges
                0x00000020       0x30 ./SDK/platform/devices/S32K144/startup/system_S32K144.o
 .debug_aranges
                0x00000050       0x20 ./SDK/platform/devices/startup.o
 .debug_aranges
                0x00000070       0xe8 ./SDK/platform/drivers/src/adc/adc_driver.o
 .debug_aranges
                0x00000158      0x128 ./SDK/platform/drivers/src/clock/S32K1xx/clock_S32K1xx.o
 .debug_aranges
                0x00000280      0x140 ./SDK/platform/drivers/src/edma/edma_driver.o
 .debug_aranges
                0x000003c0       0x88 ./SDK/platform/drivers/src/edma/edma_hw_access.o
 .debug_aranges
                0x00000448       0xa0 ./SDK/platform/drivers/src/edma/edma_irq.o
 .debug_aranges
                0x000004e8       0x70 ./SDK/platform/drivers/src/interrupt/interrupt_manager.o
 .debug_aranges
                0x00000558      0x118 ./SDK/platform/drivers/src/lpuart/lpuart_driver.o
 .debug_aranges
                0x00000670       0x78 ./SDK/platform/drivers/src/lpuart/lpuart_hw_access.o
 .debug_aranges
                0x000006e8       0x30 ./SDK/platform/drivers/src/lpuart/lpuart_irq.o
 .debug_aranges
                0x00000718       0xe0 ./SDK/platform/drivers/src/pins/pins_driver.o
 .debug_aranges
                0x000007f8       0x40 ./SDK/platform/drivers/src/pins/pins_port_hw_access.o
 .debug_aranges
                0x00000838       0x70 ./SDK/rtos/osif/osif_baremetal.o
 .debug_aranges
                0x000008a8       0x18 ./board/clock_config.o
 .debug_aranges
                0x000008c0       0x18 ./board/peripherals_ADC_0.o
 .debug_aranges
                0x000008d8       0x18 ./board/peripherals_LPUART_1.o
 .debug_aranges
                0x000008f0       0x18 ./board/pin_mux.o
 .debug_aranges
                0x00000908       0x30 ./src/helper_functions.o
 .debug_aranges
                0x00000938       0x50 ./src/main.o

.debug_str      0x00000000    0x74f9a
 .debug_str     0x00000000       0xc9 ./Project_Settings/Startup_Code/startup_S32K144.o
 .debug_str     0x000000c9    0x6881b ./SDK/platform/devices/S32K144/startup/system_S32K144.o
                              0x689a6 (size before relaxing)
 .debug_str     0x000688e4      0x399 ./SDK/platform/devices/startup.o
                              0x68b18 (size before relaxing)
 .debug_str     0x00068c7d     0x2550 ./SDK/platform/drivers/src/adc/adc_driver.o
                              0x6af97 (size before relaxing)
 .debug_str     0x0006b1cd     0x31d0 ./SDK/platform/drivers/src/clock/S32K1xx/clock_S32K1xx.o
                              0x6cc2c (size before relaxing)
 .debug_str     0x0006e39d     0x197d ./SDK/platform/drivers/src/edma/edma_driver.o
                              0x6b8e6 (size before relaxing)
 .debug_str     0x0006fd1a       0x78 ./SDK/platform/drivers/src/edma/edma_hw_access.o
                              0x69077 (size before relaxing)
 .debug_str     0x0006fd92      0x194 ./SDK/platform/drivers/src/edma/edma_irq.o
                              0x68d82 (size before relaxing)
 .debug_str     0x0006ff26      0x1ba ./SDK/platform/drivers/src/interrupt/interrupt_manager.o
                              0x692a1 (size before relaxing)
 .debug_str     0x000700e0      0xf26 ./SDK/platform/drivers/src/lpuart/lpuart_driver.o
                              0x6b074 (size before relaxing)
 .debug_str     0x00071006       0xf6 ./SDK/platform/drivers/src/lpuart/lpuart_hw_access.o
                              0x69a26 (size before relaxing)
 .debug_str     0x000710fc       0x9b ./SDK/platform/drivers/src/lpuart/lpuart_irq.o
                              0x68791 (size before relaxing)
 .debug_str     0x00071197      0x9dc ./SDK/platform/drivers/src/pins/pins_driver.o
                              0x69c74 (size before relaxing)
 .debug_str     0x00071b73      0x1c4 ./SDK/platform/drivers/src/pins/pins_port_hw_access.o
                              0x6915c (size before relaxing)
 .debug_str     0x00071d37      0x1de ./SDK/rtos/osif/osif_baremetal.o
                              0x69ae3 (size before relaxing)
 .debug_str     0x00071f15       0xda ./board/clock_config.o
                              0x6aa5d (size before relaxing)
 .debug_str     0x00071fef       0x80 ./board/peripherals_ADC_0.o
                              0x68dfe (size before relaxing)
 .debug_str     0x0007206f       0x5b ./board/peripherals_LPUART_1.o
                              0x696ad (size before relaxing)
 .debug_str     0x000720ca       0x53 ./board/pin_mux.o
                              0x68e2a (size before relaxing)
 .debug_str     0x0007211d       0x95 ./src/helper_functions.o
                              0x68861 (size before relaxing)
 .debug_str     0x000721b2     0x2de8 ./src/main.o
                              0x6edff (size before relaxing)

.debug_loc      0x00000000     0xed69
 .debug_loc     0x00000000       0xeb ./SDK/platform/devices/S32K144/startup/system_S32K144.o
 .debug_loc     0x000000eb       0xec ./SDK/platform/devices/startup.o
 .debug_loc     0x000001d7     0x1a7f ./SDK/platform/drivers/src/adc/adc_driver.o
 .debug_loc     0x00001c56     0x4dac ./SDK/platform/drivers/src/clock/S32K1xx/clock_S32K1xx.o
 .debug_loc     0x00006a02     0x336f ./SDK/platform/drivers/src/edma/edma_driver.o
 .debug_loc     0x00009d71      0x7b9 ./SDK/platform/drivers/src/edma/edma_hw_access.o
 .debug_loc     0x0000a52a       0x50 ./SDK/platform/drivers/src/edma/edma_irq.o
 .debug_loc     0x0000a57a      0x678 ./SDK/platform/drivers/src/interrupt/interrupt_manager.o
 .debug_loc     0x0000abf2     0x264e ./SDK/platform/drivers/src/lpuart/lpuart_driver.o
 .debug_loc     0x0000d240      0x75e ./SDK/platform/drivers/src/lpuart/lpuart_hw_access.o
 .debug_loc     0x0000d99e      0x7c7 ./SDK/platform/drivers/src/pins/pins_driver.o
 .debug_loc     0x0000e165      0x639 ./SDK/platform/drivers/src/pins/pins_port_hw_access.o
 .debug_loc     0x0000e79e      0x353 ./SDK/rtos/osif/osif_baremetal.o
 .debug_loc     0x0000eaf1      0x155 ./src/helper_functions.o
 .debug_loc     0x0000ec46      0x123 ./src/main.o

.debug_ranges   0x00000000      0xd08
 .debug_ranges  0x00000000       0x20 ./SDK/platform/devices/S32K144/startup/system_S32K144.o
 .debug_ranges  0x00000020       0x10 ./SDK/platform/devices/startup.o
 .debug_ranges  0x00000030      0x180 ./SDK/platform/drivers/src/adc/adc_driver.o
 .debug_ranges  0x000001b0      0x3c8 ./SDK/platform/drivers/src/clock/S32K1xx/clock_S32K1xx.o
 .debug_ranges  0x00000578      0x190 ./SDK/platform/drivers/src/edma/edma_driver.o
 .debug_ranges  0x00000708       0x90 ./SDK/platform/drivers/src/edma/edma_hw_access.o
 .debug_ranges  0x00000798       0x90 ./SDK/platform/drivers/src/edma/edma_irq.o
 .debug_ranges  0x00000828       0x98 ./SDK/platform/drivers/src/interrupt/interrupt_manager.o
 .debug_ranges  0x000008c0      0x180 ./SDK/platform/drivers/src/lpuart/lpuart_driver.o
 .debug_ranges  0x00000a40       0x68 ./SDK/platform/drivers/src/lpuart/lpuart_hw_access.o
 .debug_ranges  0x00000aa8       0x20 ./SDK/platform/drivers/src/lpuart/lpuart_irq.o
 .debug_ranges  0x00000ac8       0xd0 ./SDK/platform/drivers/src/pins/pins_driver.o
 .debug_ranges  0x00000b98       0x48 ./SDK/platform/drivers/src/pins/pins_port_hw_access.o
 .debug_ranges  0x00000be0       0x98 ./SDK/rtos/osif/osif_baremetal.o
 .debug_ranges  0x00000c78       0x20 ./src/helper_functions.o
 .debug_ranges  0x00000c98       0x70 ./src/main.o

.debug_macro    0x00000000    0x21256
 .debug_macro   0x00000000       0xb6 ./SDK/platform/devices/S32K144/startup/system_S32K144.o
 .debug_macro   0x000000b6      0x8d4 ./SDK/platform/devices/S32K144/startup/system_S32K144.o
 .debug_macro   0x0000098a       0x10 ./SDK/platform/devices/S32K144/startup/system_S32K144.o
 .debug_macro   0x0000099a       0x79 ./SDK/platform/devices/S32K144/startup/system_S32K144.o
 .debug_macro   0x00000a13       0x19 ./SDK/platform/devices/S32K144/startup/system_S32K144.o
 .debug_macro   0x00000a2c       0x22 ./SDK/platform/devices/S32K144/startup/system_S32K144.o
 .debug_macro   0x00000a4e       0x56 ./SDK/platform/devices/S32K144/startup/system_S32K144.o
 .debug_macro   0x00000aa4       0x51 ./SDK/platform/devices/S32K144/startup/system_S32K144.o
 .debug_macro   0x00000af5       0xef ./SDK/platform/devices/S32K144/startup/system_S32K144.o
 .debug_macro   0x00000be4       0x6a ./SDK/platform/devices/S32K144/startup/system_S32K144.o
 .debug_macro   0x00000c4e      0x1df ./SDK/platform/devices/S32K144/startup/system_S32K144.o
 .debug_macro   0x00000e2d     0xed1d ./SDK/platform/devices/S32K144/startup/system_S32K144.o
 .debug_macro   0x0000fb4a      0xbbd ./SDK/platform/devices/S32K144/startup/system_S32K144.o
 .debug_macro   0x00010707       0x22 ./SDK/platform/devices/S32K144/startup/system_S32K144.o
 .debug_macro   0x00010729       0x28 ./SDK/platform/devices/S32K144/startup/system_S32K144.o
 .debug_macro   0x00010751       0xb6 ./SDK/platform/devices/startup.o
 .debug_macro   0x00010807     0xed32 ./SDK/platform/devices/startup.o
 .debug_macro   0x0001f539       0x40 ./SDK/platform/devices/startup.o
 .debug_macro   0x0001f579       0xea ./SDK/platform/drivers/src/adc/adc_driver.o
 .debug_macro   0x0001f663      0x16d ./SDK/platform/drivers/src/adc/adc_driver.o
 .debug_macro   0x0001f7d0       0x10 ./SDK/platform/drivers/src/adc/adc_driver.o
 .debug_macro   0x0001f7e0       0x8a ./SDK/platform/drivers/src/adc/adc_driver.o
 .debug_macro   0x0001f86a      0x2b0 ./SDK/platform/drivers/src/clock/S32K1xx/clock_S32K1xx.o
 .debug_macro   0x0001fb1a       0x16 ./SDK/platform/drivers/src/clock/S32K1xx/clock_S32K1xx.o
 .debug_macro   0x0001fb30       0xf7 ./SDK/platform/drivers/src/edma/edma_driver.o
 .debug_macro   0x0001fc27       0x16 ./SDK/platform/drivers/src/edma/edma_driver.o
 .debug_macro   0x0001fc3d       0xcc ./SDK/platform/drivers/src/edma/edma_hw_access.o
 .debug_macro   0x0001fd09       0xd0 ./SDK/platform/drivers/src/edma/edma_irq.o
 .debug_macro   0x0001fdd9       0xca ./SDK/platform/drivers/src/interrupt/interrupt_manager.o
 .debug_macro   0x0001fea3      0x131 ./SDK/platform/drivers/src/lpuart/lpuart_driver.o
 .debug_macro   0x0001ffd4       0x10 ./SDK/platform/drivers/src/lpuart/lpuart_driver.o
 .debug_macro   0x0001ffe4       0x34 ./SDK/platform/drivers/src/lpuart/lpuart_driver.o
 .debug_macro   0x00020018      0x109 ./SDK/platform/drivers/src/lpuart/lpuart_hw_access.o
 .debug_macro   0x00020121       0xc1 ./SDK/platform/drivers/src/lpuart/lpuart_irq.o
 .debug_macro   0x000201e2       0xde ./SDK/platform/drivers/src/pins/pins_driver.o
 .debug_macro   0x000202c0       0xde ./SDK/platform/drivers/src/pins/pins_port_hw_access.o
 .debug_macro   0x0002039e       0xfb ./SDK/rtos/osif/osif_baremetal.o
 .debug_macro   0x00020499       0xd9 ./board/clock_config.o
 .debug_macro   0x00020572       0x16 ./board/clock_config.o
 .debug_macro   0x00020588       0xba ./board/peripherals_ADC_0.o
 .debug_macro   0x00020642      0x10a ./board/peripherals_LPUART_1.o
 .debug_macro   0x0002074c       0xda ./board/pin_mux.o
 .debug_macro   0x00020826       0xb7 ./src/helper_functions.o
 .debug_macro   0x000208dd      0x2a3 ./src/main.o
 .debug_macro   0x00020b80       0x52 ./src/main.o
 .debug_macro   0x00020bd2       0x18 ./src/main.o
 .debug_macro   0x00020bea       0x35 ./src/main.o
 .debug_macro   0x00020c1f       0x34 ./src/main.o
 .debug_macro   0x00020c53       0x52 ./src/main.o
 .debug_macro   0x00020ca5       0x1f ./src/main.o
 .debug_macro   0x00020cc4       0x43 ./src/main.o
 .debug_macro   0x00020d07       0x20 ./src/main.o
 .debug_macro   0x00020d27      0x18e ./src/main.o
 .debug_macro   0x00020eb5      0x35c ./src/main.o
 .debug_macro   0x00021211       0x10 ./src/main.o
 .debug_macro   0x00021221       0x35 ./src/main.o

.comment        0x00000000       0x7e
 .comment       0x00000000       0x7e ./SDK/platform/devices/S32K144/startup/system_S32K144.o
                                 0x7f (size before relaxing)
 .comment       0x0000007e       0x7f ./SDK/platform/devices/startup.o
 .comment       0x0000007e       0x7f ./SDK/platform/drivers/src/adc/adc_driver.o
 .comment       0x0000007e       0x7f ./SDK/platform/drivers/src/clock/S32K1xx/clock_S32K1xx.o
 .comment       0x0000007e       0x7f ./SDK/platform/drivers/src/edma/edma_driver.o
 .comment       0x0000007e       0x7f ./SDK/platform/drivers/src/edma/edma_hw_access.o
 .comment       0x0000007e       0x7f ./SDK/platform/drivers/src/edma/edma_irq.o
 .comment       0x0000007e       0x7f ./SDK/platform/drivers/src/interrupt/interrupt_manager.o
 .comment       0x0000007e       0x7f ./SDK/platform/drivers/src/lpuart/lpuart_driver.o
 .comment       0x0000007e       0x7f ./SDK/platform/drivers/src/lpuart/lpuart_hw_access.o
 .comment       0x0000007e       0x7f ./SDK/platform/drivers/src/lpuart/lpuart_irq.o
 .comment       0x0000007e       0x7f ./SDK/platform/drivers/src/pins/pins_driver.o
 .comment       0x0000007e       0x7f ./SDK/platform/drivers/src/pins/pins_port_hw_access.o
 .comment       0x0000007e       0x7f ./SDK/rtos/osif/osif_baremetal.o
 .comment       0x0000007e       0x7f ./board/clock_config.o
 .comment       0x0000007e       0x7f ./board/peripherals_ADC_0.o
 .comment       0x0000007e       0x7f ./board/peripherals_LPUART_1.o
 .comment       0x0000007e       0x7f ./board/pin_mux.o
 .comment       0x0000007e       0x7f ./src/helper_functions.o
 .comment       0x0000007e       0x7f ./src/main.o

.debug_frame    0x00000000     0x190c
 .debug_frame   0x00000000       0x40 ./SDK/platform/devices/S32K144/startup/system_S32K144.o
 .debug_frame   0x00000040       0x2c ./SDK/platform/devices/startup.o
 .debug_frame   0x0000006c      0x258 ./SDK/platform/drivers/src/adc/adc_driver.o
 .debug_frame   0x000002c4      0x3a4 ./SDK/platform/drivers/src/clock/S32K1xx/clock_S32K1xx.o
 .debug_frame   0x00000668      0x3a0 ./SDK/platform/drivers/src/edma/edma_driver.o
 .debug_frame   0x00000a08      0x140 ./SDK/platform/drivers/src/edma/edma_hw_access.o
 .debug_frame   0x00000b48      0x1ac ./SDK/platform/drivers/src/edma/edma_irq.o
 .debug_frame   0x00000cf4       0xd8 ./SDK/platform/drivers/src/interrupt/interrupt_manager.o
 .debug_frame   0x00000dcc      0x3ac ./SDK/platform/drivers/src/lpuart/lpuart_driver.o
 .debug_frame   0x00001178      0x100 ./SDK/platform/drivers/src/lpuart/lpuart_hw_access.o
 .debug_frame   0x00001278       0x58 ./SDK/platform/drivers/src/lpuart/lpuart_irq.o
 .debug_frame   0x000012d0      0x1e4 ./SDK/platform/drivers/src/pins/pins_driver.o
 .debug_frame   0x000014b4       0xa0 ./SDK/platform/drivers/src/pins/pins_port_hw_access.o
 .debug_frame   0x00001554       0xf4 ./SDK/rtos/osif/osif_baremetal.o
 .debug_frame   0x00001648       0x74 ./src/helper_functions.o
 .debug_frame   0x000016bc       0xec ./src/main.o
 .debug_frame   0x000017a8       0xac c:/nxp/s32ds.3.6/s32ds/build_tools/gcc_b1620/gcc-6.3-arm32-eabi/bin/../lib/gcc/arm-none-eabi/6.3.1/thumb/v7e-m/fpv4-sp/hard\libgcc.a(_arm_addsubdf3.o)
 .debug_frame   0x00001854       0x50 c:/nxp/s32ds.3.6/s32ds/build_tools/gcc_b1620/gcc-6.3-arm32-eabi/bin/../lib/gcc/arm-none-eabi/6.3.1/thumb/v7e-m/fpv4-sp/hard\libgcc.a(_arm_muldivdf3.o)
 .debug_frame   0x000018a4       0x24 c:/nxp/s32ds.3.6/s32ds/build_tools/gcc_b1620/gcc-6.3-arm32-eabi/bin/../lib/gcc/arm-none-eabi/6.3.1/thumb/v7e-m/fpv4-sp/hard\libgcc.a(_arm_fixunsdfsi.o)
 .debug_frame   0x000018c8       0x24 c:/nxp/s32ds.3.6/s32ds/build_tools/gcc_b1620/gcc-6.3-arm32-eabi/bin/../lib/gcc/arm-none-eabi/6.3.1/thumb/v7e-m/fpv4-sp/hard\libgcc.a(_arm_truncdfsf2.o)
 .debug_frame   0x000018ec       0x20 C:/NXP/S32DS.3.6/S32DS/build_tools/gcc_b1620/gcc-6.3-arm32-eabi/arm-none-eabi/newlib/lib/thumb/v7e-m/fpv4-sp/hard\libc_nano.a(lib_a-memset.o)
