Archive member included to satisfy reference by file (symbol)

C:/nxp/S32DS.3.5/S32DS/build_tools/gcc_b1620/gcc-6.3-arm32-eabi/arm-none-eabi/newlib/lib/thumb/v7e-m/fpv4-sp/hard\libc_nano.a(lib_a-exit.o)
                              C:/nxp/S32DS.3.5/S32DS/build_tools/gcc_b1620/gcc-6.3-arm32-eabi/arm-none-eabi/newlib/lib/thumb/v7e-m/fpv4-sp/hard/crt0.o (exit)
C:/nxp/S32DS.3.5/S32DS/build_tools/gcc_b1620/gcc-6.3-arm32-eabi/arm-none-eabi/newlib/lib/thumb/v7e-m/fpv4-sp/hard\libc_nano.a(lib_a-impure.o)
                              C:/nxp/S32DS.3.5/S32DS/build_tools/gcc_b1620/gcc-6.3-arm32-eabi/arm-none-eabi/newlib/lib/thumb/v7e-m/fpv4-sp/hard\libc_nano.a(lib_a-exit.o) (_global_impure_ptr)
C:/nxp/S32DS.3.5/S32DS/build_tools/gcc_b1620/gcc-6.3-arm32-eabi/arm-none-eabi/newlib/lib/thumb/v7e-m/fpv4-sp/hard\libc_nano.a(lib_a-init.o)
                              C:/nxp/S32DS.3.5/S32DS/build_tools/gcc_b1620/gcc-6.3-arm32-eabi/arm-none-eabi/newlib/lib/thumb/v7e-m/fpv4-sp/hard/crt0.o (__libc_init_array)
C:/nxp/S32DS.3.5/S32DS/build_tools/gcc_b1620/gcc-6.3-arm32-eabi/arm-none-eabi/newlib/lib/thumb/v7e-m/fpv4-sp/hard\libc_nano.a(lib_a-memset.o)
                              C:/nxp/S32DS.3.5/S32DS/build_tools/gcc_b1620/gcc-6.3-arm32-eabi/arm-none-eabi/newlib/lib/thumb/v7e-m/fpv4-sp/hard/crt0.o (memset)
C:/nxp/S32DS.3.5/S32DS/build_tools/gcc_b1620/gcc-6.3-arm32-eabi/arm-none-eabi/newlib/lib/thumb/v7e-m/fpv4-sp/hard\libnosys.a(_exit.o)
                              C:/nxp/S32DS.3.5/S32DS/build_tools/gcc_b1620/gcc-6.3-arm32-eabi/arm-none-eabi/newlib/lib/thumb/v7e-m/fpv4-sp/hard\libc_nano.a(lib_a-exit.o) (_exit)

Discarded input sections

 .text          0x00000000        0x0 c:/nxp/s32ds.3.5/s32ds/build_tools/gcc_b1620/gcc-6.3-arm32-eabi/bin/../lib/gcc/arm-none-eabi/6.3.1/thumb/v7e-m/fpv4-sp/hard/crti.o
 .data          0x00000000        0x0 c:/nxp/s32ds.3.5/s32ds/build_tools/gcc_b1620/gcc-6.3-arm32-eabi/bin/../lib/gcc/arm-none-eabi/6.3.1/thumb/v7e-m/fpv4-sp/hard/crti.o
 .bss           0x00000000        0x0 c:/nxp/s32ds.3.5/s32ds/build_tools/gcc_b1620/gcc-6.3-arm32-eabi/bin/../lib/gcc/arm-none-eabi/6.3.1/thumb/v7e-m/fpv4-sp/hard/crti.o
 .text          0x00000000       0xa4 c:/nxp/s32ds.3.5/s32ds/build_tools/gcc_b1620/gcc-6.3-arm32-eabi/bin/../lib/gcc/arm-none-eabi/6.3.1/thumb/v7e-m/fpv4-sp/hard/crtbegin.o
 .data          0x00000000        0x4 c:/nxp/s32ds.3.5/s32ds/build_tools/gcc_b1620/gcc-6.3-arm32-eabi/bin/../lib/gcc/arm-none-eabi/6.3.1/thumb/v7e-m/fpv4-sp/hard/crtbegin.o
 .bss           0x00000000       0x1c c:/nxp/s32ds.3.5/s32ds/build_tools/gcc_b1620/gcc-6.3-arm32-eabi/bin/../lib/gcc/arm-none-eabi/6.3.1/thumb/v7e-m/fpv4-sp/hard/crtbegin.o
 .init_array    0x00000000        0x4 c:/nxp/s32ds.3.5/s32ds/build_tools/gcc_b1620/gcc-6.3-arm32-eabi/bin/../lib/gcc/arm-none-eabi/6.3.1/thumb/v7e-m/fpv4-sp/hard/crtbegin.o
 .fini_array    0x00000000        0x4 c:/nxp/s32ds.3.5/s32ds/build_tools/gcc_b1620/gcc-6.3-arm32-eabi/bin/../lib/gcc/arm-none-eabi/6.3.1/thumb/v7e-m/fpv4-sp/hard/crtbegin.o
 .eh_frame      0x00000000        0x0 c:/nxp/s32ds.3.5/s32ds/build_tools/gcc_b1620/gcc-6.3-arm32-eabi/bin/../lib/gcc/arm-none-eabi/6.3.1/thumb/v7e-m/fpv4-sp/hard/crtbegin.o
 .jcr           0x00000000        0x0 c:/nxp/s32ds.3.5/s32ds/build_tools/gcc_b1620/gcc-6.3-arm32-eabi/bin/../lib/gcc/arm-none-eabi/6.3.1/thumb/v7e-m/fpv4-sp/hard/crtbegin.o
 .tm_clone_table
                0x00000000        0x0 c:/nxp/s32ds.3.5/s32ds/build_tools/gcc_b1620/gcc-6.3-arm32-eabi/bin/../lib/gcc/arm-none-eabi/6.3.1/thumb/v7e-m/fpv4-sp/hard/crtbegin.o
 .comment       0x00000000       0x7f c:/nxp/s32ds.3.5/s32ds/build_tools/gcc_b1620/gcc-6.3-arm32-eabi/bin/../lib/gcc/arm-none-eabi/6.3.1/thumb/v7e-m/fpv4-sp/hard/crtbegin.o
 .ARM.attributes
                0x00000000       0x34 c:/nxp/s32ds.3.5/s32ds/build_tools/gcc_b1620/gcc-6.3-arm32-eabi/bin/../lib/gcc/arm-none-eabi/6.3.1/thumb/v7e-m/fpv4-sp/hard/crtbegin.o
 .text          0x00000000       0x7c C:/nxp/S32DS.3.5/S32DS/build_tools/gcc_b1620/gcc-6.3-arm32-eabi/arm-none-eabi/newlib/lib/thumb/v7e-m/fpv4-sp/hard/crt0.o
 .data          0x00000000        0x0 C:/nxp/S32DS.3.5/S32DS/build_tools/gcc_b1620/gcc-6.3-arm32-eabi/arm-none-eabi/newlib/lib/thumb/v7e-m/fpv4-sp/hard/crt0.o
 .bss           0x00000000        0x0 C:/nxp/S32DS.3.5/S32DS/build_tools/gcc_b1620/gcc-6.3-arm32-eabi/arm-none-eabi/newlib/lib/thumb/v7e-m/fpv4-sp/hard/crt0.o
 .ARM.extab     0x00000000        0x0 C:/nxp/S32DS.3.5/S32DS/build_tools/gcc_b1620/gcc-6.3-arm32-eabi/arm-none-eabi/newlib/lib/thumb/v7e-m/fpv4-sp/hard/crt0.o
 .ARM.exidx     0x00000000       0x10 C:/nxp/S32DS.3.5/S32DS/build_tools/gcc_b1620/gcc-6.3-arm32-eabi/arm-none-eabi/newlib/lib/thumb/v7e-m/fpv4-sp/hard/crt0.o
 .ARM.attributes
                0x00000000       0x20 C:/nxp/S32DS.3.5/S32DS/build_tools/gcc_b1620/gcc-6.3-arm32-eabi/arm-none-eabi/newlib/lib/thumb/v7e-m/fpv4-sp/hard/crt0.o
 .data          0x00000000        0x0 ./Project_Settings/Startup_Code/startup_S32K144.o
 .bss           0x00000000        0x0 ./Project_Settings/Startup_Code/startup_S32K144.o
 .group         0x00000000        0xc ./SDK/platform/devices/S32K144/startup/system_S32K144.o
 .group         0x00000000        0xc ./SDK/platform/devices/S32K144/startup/system_S32K144.o
 .group         0x00000000        0xc ./SDK/platform/devices/S32K144/startup/system_S32K144.o
 .group         0x00000000        0xc ./SDK/platform/devices/S32K144/startup/system_S32K144.o
 .group         0x00000000        0xc ./SDK/platform/devices/S32K144/startup/system_S32K144.o
 .group         0x00000000        0xc ./SDK/platform/devices/S32K144/startup/system_S32K144.o
 .group         0x00000000        0xc ./SDK/platform/devices/S32K144/startup/system_S32K144.o
 .group         0x00000000        0xc ./SDK/platform/devices/S32K144/startup/system_S32K144.o
 .group         0x00000000        0xc ./SDK/platform/devices/S32K144/startup/system_S32K144.o
 .group         0x00000000        0xc ./SDK/platform/devices/S32K144/startup/system_S32K144.o
 .group         0x00000000        0xc ./SDK/platform/devices/S32K144/startup/system_S32K144.o
 .group         0x00000000        0xc ./SDK/platform/devices/S32K144/startup/system_S32K144.o
 .group         0x00000000        0xc ./SDK/platform/devices/S32K144/startup/system_S32K144.o
 .group         0x00000000        0xc ./SDK/platform/devices/S32K144/startup/system_S32K144.o
 .text          0x00000000        0x0 ./SDK/platform/devices/S32K144/startup/system_S32K144.o
 .data          0x00000000        0x0 ./SDK/platform/devices/S32K144/startup/system_S32K144.o
 .bss           0x00000000        0x0 ./SDK/platform/devices/S32K144/startup/system_S32K144.o
 .text.SystemCoreClockUpdate
                0x00000000       0x80 ./SDK/platform/devices/S32K144/startup/system_S32K144.o
 .text.SystemSoftwareReset
                0x00000000       0x18 ./SDK/platform/devices/S32K144/startup/system_S32K144.o
 .data.SystemCoreClock
                0x00000000        0x4 ./SDK/platform/devices/S32K144/startup/system_S32K144.o
 .group         0x00000000        0xc ./SDK/platform/devices/startup.o
 .group         0x00000000        0xc ./SDK/platform/devices/startup.o
 .group         0x00000000        0xc ./SDK/platform/devices/startup.o
 .group         0x00000000        0xc ./SDK/platform/devices/startup.o
 .group         0x00000000        0xc ./SDK/platform/devices/startup.o
 .group         0x00000000        0xc ./SDK/platform/devices/startup.o
 .group         0x00000000        0xc ./SDK/platform/devices/startup.o
 .group         0x00000000        0xc ./SDK/platform/devices/startup.o
 .group         0x00000000        0xc ./SDK/platform/devices/startup.o
 .group         0x00000000        0xc ./SDK/platform/devices/startup.o
 .group         0x00000000        0xc ./SDK/platform/devices/startup.o
 .group         0x00000000        0xc ./SDK/platform/devices/startup.o
 .group         0x00000000        0xc ./SDK/platform/devices/startup.o
 .text          0x00000000        0x0 ./SDK/platform/devices/startup.o
 .data          0x00000000        0x0 ./SDK/platform/devices/startup.o
 .bss           0x00000000        0x0 ./SDK/platform/devices/startup.o
 .debug_macro   0x00000000      0x8d4 ./SDK/platform/devices/startup.o
 .debug_macro   0x00000000       0x22 ./SDK/platform/devices/startup.o
 .debug_macro   0x00000000       0x56 ./SDK/platform/devices/startup.o
 .debug_macro   0x00000000       0x51 ./SDK/platform/devices/startup.o
 .debug_macro   0x00000000       0xef ./SDK/platform/devices/startup.o
 .debug_macro   0x00000000       0x6a ./SDK/platform/devices/startup.o
 .debug_macro   0x00000000      0x1df ./SDK/platform/devices/startup.o
 .debug_macro   0x00000000       0x10 ./SDK/platform/devices/startup.o
 .debug_macro   0x00000000       0x79 ./SDK/platform/devices/startup.o
 .debug_macro   0x00000000      0xbbd ./SDK/platform/devices/startup.o
 .debug_macro   0x00000000       0x22 ./SDK/platform/devices/startup.o
 .group         0x00000000        0xc ./SDK/platform/drivers/src/clock/S32K1xx/clock_S32K1xx.o
 .group         0x00000000        0xc ./SDK/platform/drivers/src/clock/S32K1xx/clock_S32K1xx.o
 .group         0x00000000        0xc ./SDK/platform/drivers/src/clock/S32K1xx/clock_S32K1xx.o
 .group         0x00000000        0xc ./SDK/platform/drivers/src/clock/S32K1xx/clock_S32K1xx.o
 .group         0x00000000        0xc ./SDK/platform/drivers/src/clock/S32K1xx/clock_S32K1xx.o
 .group         0x00000000        0xc ./SDK/platform/drivers/src/clock/S32K1xx/clock_S32K1xx.o
 .group         0x00000000        0xc ./SDK/platform/drivers/src/clock/S32K1xx/clock_S32K1xx.o
 .group         0x00000000        0xc ./SDK/platform/drivers/src/clock/S32K1xx/clock_S32K1xx.o
 .group         0x00000000        0xc ./SDK/platform/drivers/src/clock/S32K1xx/clock_S32K1xx.o
 .group         0x00000000        0xc ./SDK/platform/drivers/src/clock/S32K1xx/clock_S32K1xx.o
 .group         0x00000000        0xc ./SDK/platform/drivers/src/clock/S32K1xx/clock_S32K1xx.o
 .group         0x00000000        0xc ./SDK/platform/drivers/src/clock/S32K1xx/clock_S32K1xx.o
 .group         0x00000000        0xc ./SDK/platform/drivers/src/clock/S32K1xx/clock_S32K1xx.o
 .group         0x00000000        0xc ./SDK/platform/drivers/src/clock/S32K1xx/clock_S32K1xx.o
 .group         0x00000000        0xc ./SDK/platform/drivers/src/clock/S32K1xx/clock_S32K1xx.o
 .group         0x00000000        0xc ./SDK/platform/drivers/src/clock/S32K1xx/clock_S32K1xx.o
 .text          0x00000000        0x0 ./SDK/platform/drivers/src/clock/S32K1xx/clock_S32K1xx.o
 .data          0x00000000        0x0 ./SDK/platform/drivers/src/clock/S32K1xx/clock_S32K1xx.o
 .bss           0x00000000        0x0 ./SDK/platform/drivers/src/clock/S32K1xx/clock_S32K1xx.o
 .text.CLOCK_SYS_GetSystemClockFreq
                0x00000000       0x80 ./SDK/platform/drivers/src/clock/S32K1xx/clock_S32K1xx.o
 .text.CLOCK_SYS_GetScgClkOutFreq
                0x00000000       0x44 ./SDK/platform/drivers/src/clock/S32K1xx/clock_S32K1xx.o
 .text.CLOCK_SYS_GetSysAsyncFreq
                0x00000000       0xc0 ./SDK/platform/drivers/src/clock/S32K1xx/clock_S32K1xx.o
 .text.CLOCK_SYS_GetSimRtcClkFreq
                0x00000000       0x50 ./SDK/platform/drivers/src/clock/S32K1xx/clock_S32K1xx.o
 .text.CLOCK_SYS_GetLpoFreq
                0x00000000       0x54 ./SDK/platform/drivers/src/clock/S32K1xx/clock_S32K1xx.o
 .text.CLOCK_SYS_GetSimClkOutFreq
                0x00000000       0x98 ./SDK/platform/drivers/src/clock/S32K1xx/clock_S32K1xx.o
 .text.CLOCK_SYS_GetSimClockFreq
                0x00000000      0x190 ./SDK/platform/drivers/src/clock/S32K1xx/clock_S32K1xx.o
 .text.CLOCK_SYS_GetPeripheralClock
                0x00000000       0xc8 ./SDK/platform/drivers/src/clock/S32K1xx/clock_S32K1xx.o
 .text.CLOCK_SYS_TransitionToTmpSysClk
                0x00000000       0xee ./SDK/platform/drivers/src/clock/S32K1xx/clock_S32K1xx.o
 .text.CLOCK_SYS_GetCurrentSysClkConfig
                0x00000000       0x60 ./SDK/platform/drivers/src/clock/S32K1xx/clock_S32K1xx.o
 .text.CLOCK_SYS_ConvertAsyncDividerValue
                0x00000000       0x6a ./SDK/platform/drivers/src/clock/S32K1xx/clock_S32K1xx.o
 .text.CLOCK_DRV_GetFreq
                0x00000000      0x1dc ./SDK/platform/drivers/src/clock/S32K1xx/clock_S32K1xx.o
 .text.CLOCK_DRV_SetModuleClock
                0x00000000      0x188 ./SDK/platform/drivers/src/clock/S32K1xx/clock_S32K1xx.o
 .text.CLOCK_DRV_SetSystemClock
                0x00000000      0x198 ./SDK/platform/drivers/src/clock/S32K1xx/clock_S32K1xx.o
 .text.CLOCK_DRV_GetSystemClockSource
                0x00000000       0x58 ./SDK/platform/drivers/src/clock/S32K1xx/clock_S32K1xx.o
 .text.CLOCK_DRV_SetClockSource
                0x00000000      0x2e8 ./SDK/platform/drivers/src/clock/S32K1xx/clock_S32K1xx.o
 .text.CLOCK_SYS_Init
                0x00000000       0x28 ./SDK/platform/drivers/src/clock/S32K1xx/clock_S32K1xx.o
 .text.CLOCK_SYS_UpdateConfiguration
                0x00000000       0xf4 ./SDK/platform/drivers/src/clock/S32K1xx/clock_S32K1xx.o
 .text.CLOCK_SYS_GetCurrentConfiguration
                0x00000000        0xc ./SDK/platform/drivers/src/clock/S32K1xx/clock_S32K1xx.o
 .text.CLOCK_SYS_GetErrorCallback
                0x00000000       0x1c ./SDK/platform/drivers/src/clock/S32K1xx/clock_S32K1xx.o
 .text.CLOCK_SYS_GetFreq
                0x00000000        0x8 ./SDK/platform/drivers/src/clock/S32K1xx/clock_S32K1xx.o
 .text.CLOCK_SYS_SetConfiguration
                0x00000000        0x8 ./SDK/platform/drivers/src/clock/S32K1xx/clock_S32K1xx.o
 .bss.g_clockState
                0x00000000       0x10 ./SDK/platform/drivers/src/clock/S32K1xx/clock_S32K1xx.o
 .rodata.peripheralFeaturesList
                0x00000000       0x4f ./SDK/platform/drivers/src/clock/S32K1xx/clock_S32K1xx.o
 .rodata.sysClkDivMappings.7699
                0x00000000       0x10 ./SDK/platform/drivers/src/clock/S32K1xx/clock_S32K1xx.o
 .rodata.sysClkDivMappings.7777
                0x00000000       0x11 ./SDK/platform/drivers/src/clock/S32K1xx/clock_S32K1xx.o
 .debug_macro   0x00000000      0x8d4 ./SDK/platform/drivers/src/clock/S32K1xx/clock_S32K1xx.o
 .debug_macro   0x00000000       0x10 ./SDK/platform/drivers/src/clock/S32K1xx/clock_S32K1xx.o
 .debug_macro   0x00000000       0x79 ./SDK/platform/drivers/src/clock/S32K1xx/clock_S32K1xx.o
 .debug_macro   0x00000000       0x19 ./SDK/platform/drivers/src/clock/S32K1xx/clock_S32K1xx.o
 .debug_macro   0x00000000       0x22 ./SDK/platform/drivers/src/clock/S32K1xx/clock_S32K1xx.o
 .debug_macro   0x00000000       0x56 ./SDK/platform/drivers/src/clock/S32K1xx/clock_S32K1xx.o
 .debug_macro   0x00000000       0x51 ./SDK/platform/drivers/src/clock/S32K1xx/clock_S32K1xx.o
 .debug_macro   0x00000000       0xef ./SDK/platform/drivers/src/clock/S32K1xx/clock_S32K1xx.o
 .debug_macro   0x00000000       0x6a ./SDK/platform/drivers/src/clock/S32K1xx/clock_S32K1xx.o
 .debug_macro   0x00000000      0x1df ./SDK/platform/drivers/src/clock/S32K1xx/clock_S32K1xx.o
 .debug_macro   0x00000000     0xed1d ./SDK/platform/drivers/src/clock/S32K1xx/clock_S32K1xx.o
 .debug_macro   0x00000000      0xbbd ./SDK/platform/drivers/src/clock/S32K1xx/clock_S32K1xx.o
 .debug_macro   0x00000000       0x22 ./SDK/platform/drivers/src/clock/S32K1xx/clock_S32K1xx.o
 .group         0x00000000        0xc ./SDK/platform/drivers/src/interrupt/interrupt_manager.o
 .group         0x00000000        0xc ./SDK/platform/drivers/src/interrupt/interrupt_manager.o
 .group         0x00000000        0xc ./SDK/platform/drivers/src/interrupt/interrupt_manager.o
 .group         0x00000000        0xc ./SDK/platform/drivers/src/interrupt/interrupt_manager.o
 .group         0x00000000        0xc ./SDK/platform/drivers/src/interrupt/interrupt_manager.o
 .group         0x00000000        0xc ./SDK/platform/drivers/src/interrupt/interrupt_manager.o
 .group         0x00000000        0xc ./SDK/platform/drivers/src/interrupt/interrupt_manager.o
 .group         0x00000000        0xc ./SDK/platform/drivers/src/interrupt/interrupt_manager.o
 .group         0x00000000        0xc ./SDK/platform/drivers/src/interrupt/interrupt_manager.o
 .group         0x00000000        0xc ./SDK/platform/drivers/src/interrupt/interrupt_manager.o
 .group         0x00000000        0xc ./SDK/platform/drivers/src/interrupt/interrupt_manager.o
 .group         0x00000000        0xc ./SDK/platform/drivers/src/interrupt/interrupt_manager.o
 .group         0x00000000        0xc ./SDK/platform/drivers/src/interrupt/interrupt_manager.o
 .group         0x00000000        0xc ./SDK/platform/drivers/src/interrupt/interrupt_manager.o
 .text          0x00000000        0x0 ./SDK/platform/drivers/src/interrupt/interrupt_manager.o
 .data          0x00000000        0x0 ./SDK/platform/drivers/src/interrupt/interrupt_manager.o
 .bss           0x00000000        0x0 ./SDK/platform/drivers/src/interrupt/interrupt_manager.o
 .text.INT_SYS_InstallHandler
                0x00000000       0x60 ./SDK/platform/drivers/src/interrupt/interrupt_manager.o
 .text.INT_SYS_EnableIRQ
                0x00000000       0x28 ./SDK/platform/drivers/src/interrupt/interrupt_manager.o
 .text.INT_SYS_DisableIRQ
                0x00000000       0x2c ./SDK/platform/drivers/src/interrupt/interrupt_manager.o
 .text.INT_SYS_EnableIRQGlobal
                0x00000000       0x1c ./SDK/platform/drivers/src/interrupt/interrupt_manager.o
 .text.INT_SYS_DisableIRQGlobal
                0x00000000       0x10 ./SDK/platform/drivers/src/interrupt/interrupt_manager.o
 .text.INT_SYS_SetPriority
                0x00000000       0x70 ./SDK/platform/drivers/src/interrupt/interrupt_manager.o
 .text.INT_SYS_GetPriority
                0x00000000       0x54 ./SDK/platform/drivers/src/interrupt/interrupt_manager.o
 .text.INT_SYS_ClearPending
                0x00000000       0x2c ./SDK/platform/drivers/src/interrupt/interrupt_manager.o
 .text.INT_SYS_SetPending
                0x00000000       0x2c ./SDK/platform/drivers/src/interrupt/interrupt_manager.o
 .text.INT_SYS_GetPending
                0x00000000       0x2c ./SDK/platform/drivers/src/interrupt/interrupt_manager.o
 .text.INT_SYS_GetActive
                0x00000000       0x2c ./SDK/platform/drivers/src/interrupt/interrupt_manager.o
 .bss.g_interruptDisableCount
                0x00000000        0x4 ./SDK/platform/drivers/src/interrupt/interrupt_manager.o
 .debug_info    0x00000000      0xc99 ./SDK/platform/drivers/src/interrupt/interrupt_manager.o
 .debug_abbrev  0x00000000      0x278 ./SDK/platform/drivers/src/interrupt/interrupt_manager.o
 .debug_loc     0x00000000      0x678 ./SDK/platform/drivers/src/interrupt/interrupt_manager.o
 .debug_aranges
                0x00000000       0x70 ./SDK/platform/drivers/src/interrupt/interrupt_manager.o
 .debug_ranges  0x00000000       0x98 ./SDK/platform/drivers/src/interrupt/interrupt_manager.o
 .debug_macro   0x00000000       0xca ./SDK/platform/drivers/src/interrupt/interrupt_manager.o
 .debug_macro   0x00000000      0x8d4 ./SDK/platform/drivers/src/interrupt/interrupt_manager.o
 .debug_macro   0x00000000       0x10 ./SDK/platform/drivers/src/interrupt/interrupt_manager.o
 .debug_macro   0x00000000       0x79 ./SDK/platform/drivers/src/interrupt/interrupt_manager.o
 .debug_macro   0x00000000       0x19 ./SDK/platform/drivers/src/interrupt/interrupt_manager.o
 .debug_macro   0x00000000       0x22 ./SDK/platform/drivers/src/interrupt/interrupt_manager.o
 .debug_macro   0x00000000       0x56 ./SDK/platform/drivers/src/interrupt/interrupt_manager.o
 .debug_macro   0x00000000       0x51 ./SDK/platform/drivers/src/interrupt/interrupt_manager.o
 .debug_macro   0x00000000       0xef ./SDK/platform/drivers/src/interrupt/interrupt_manager.o
 .debug_macro   0x00000000       0x6a ./SDK/platform/drivers/src/interrupt/interrupt_manager.o
 .debug_macro   0x00000000      0x1df ./SDK/platform/drivers/src/interrupt/interrupt_manager.o
 .debug_macro   0x00000000     0xed1d ./SDK/platform/drivers/src/interrupt/interrupt_manager.o
 .debug_macro   0x00000000      0xbbd ./SDK/platform/drivers/src/interrupt/interrupt_manager.o
 .debug_macro   0x00000000       0x22 ./SDK/platform/drivers/src/interrupt/interrupt_manager.o
 .debug_macro   0x00000000       0x40 ./SDK/platform/drivers/src/interrupt/interrupt_manager.o
 .debug_line    0x00000000      0x5ae ./SDK/platform/drivers/src/interrupt/interrupt_manager.o
 .debug_str     0x00000000    0x692a1 ./SDK/platform/drivers/src/interrupt/interrupt_manager.o
 .comment       0x00000000       0x7f ./SDK/platform/drivers/src/interrupt/interrupt_manager.o
 .debug_frame   0x00000000       0xd8 ./SDK/platform/drivers/src/interrupt/interrupt_manager.o
 .ARM.attributes
                0x00000000       0x39 ./SDK/platform/drivers/src/interrupt/interrupt_manager.o
 .group         0x00000000        0xc ./SDK/platform/drivers/src/pins/pins_driver.o
 .group         0x00000000        0xc ./SDK/platform/drivers/src/pins/pins_driver.o
 .group         0x00000000        0xc ./SDK/platform/drivers/src/pins/pins_driver.o
 .group         0x00000000        0xc ./SDK/platform/drivers/src/pins/pins_driver.o
 .group         0x00000000        0xc ./SDK/platform/drivers/src/pins/pins_driver.o
 .group         0x00000000        0xc ./SDK/platform/drivers/src/pins/pins_driver.o
 .group         0x00000000        0xc ./SDK/platform/drivers/src/pins/pins_driver.o
 .group         0x00000000        0xc ./SDK/platform/drivers/src/pins/pins_driver.o
 .group         0x00000000        0xc ./SDK/platform/drivers/src/pins/pins_driver.o
 .group         0x00000000        0xc ./SDK/platform/drivers/src/pins/pins_driver.o
 .group         0x00000000        0xc ./SDK/platform/drivers/src/pins/pins_driver.o
 .group         0x00000000        0xc ./SDK/platform/drivers/src/pins/pins_driver.o
 .group         0x00000000        0xc ./SDK/platform/drivers/src/pins/pins_driver.o
 .group         0x00000000        0xc ./SDK/platform/drivers/src/pins/pins_driver.o
 .text          0x00000000        0x0 ./SDK/platform/drivers/src/pins/pins_driver.o
 .data          0x00000000        0x0 ./SDK/platform/drivers/src/pins/pins_driver.o
 .bss           0x00000000        0x0 ./SDK/platform/drivers/src/pins/pins_driver.o
 .text.PINS_DRV_SetPullSel
                0x00000000       0x44 ./SDK/platform/drivers/src/pins/pins_driver.o
 .text.PINS_DRV_SetMuxModeSel
                0x00000000        0x8 ./SDK/platform/drivers/src/pins/pins_driver.o
 .text.PINS_DRV_SetPinIntSel
                0x00000000       0x20 ./SDK/platform/drivers/src/pins/pins_driver.o
 .text.PINS_DRV_GetPinIntSel
                0x00000000       0x12 ./SDK/platform/drivers/src/pins/pins_driver.o
 .text.PINS_DRV_ClearPinIntFlagCmd
                0x00000000       0x16 ./SDK/platform/drivers/src/pins/pins_driver.o
 .text.PINS_DRV_EnableDigitalFilter
                0x00000000       0x18 ./SDK/platform/drivers/src/pins/pins_driver.o
 .text.PINS_DRV_DisableDigitalFilter
                0x00000000       0x1a ./SDK/platform/drivers/src/pins/pins_driver.o
 .text.PINS_DRV_ConfigDigitalFilter
                0x00000000       0x20 ./SDK/platform/drivers/src/pins/pins_driver.o
 .text.PINS_DRV_GetPortIntFlag
                0x00000000        0x6 ./SDK/platform/drivers/src/pins/pins_driver.o
 .text.PINS_DRV_ClearPortIntFlagCmd
                0x00000000        0xa ./SDK/platform/drivers/src/pins/pins_driver.o
 .text.PINS_DRV_GetPinsDirection
                0x00000000        0x4 ./SDK/platform/drivers/src/pins/pins_driver.o
 .text.PINS_DRV_SetPinDirection
                0x00000000       0x18 ./SDK/platform/drivers/src/pins/pins_driver.o
 .text.PINS_DRV_SetPinsDirection
                0x00000000        0x4 ./SDK/platform/drivers/src/pins/pins_driver.o
 .text.PINS_DRV_SetPortInputDisable
                0x00000000        0x4 ./SDK/platform/drivers/src/pins/pins_driver.o
 .text.PINS_DRV_GetPortInputDisable
                0x00000000        0x4 ./SDK/platform/drivers/src/pins/pins_driver.o
 .text.PINS_DRV_SetGlobalPinControl
                0x00000000        0x8 ./SDK/platform/drivers/src/pins/pins_driver.o
 .text.PINS_DRV_SetGlobalIntControl
                0x00000000        0x8 ./SDK/platform/drivers/src/pins/pins_driver.o
 .text.PINS_DRV_WritePin
                0x00000000       0x18 ./SDK/platform/drivers/src/pins/pins_driver.o
 .text.PINS_DRV_WritePins
                0x00000000        0x4 ./SDK/platform/drivers/src/pins/pins_driver.o
 .text.PINS_DRV_GetPinsOutput
                0x00000000        0x4 ./SDK/platform/drivers/src/pins/pins_driver.o
 .text.PINS_DRV_TogglePins
                0x00000000        0x4 ./SDK/platform/drivers/src/pins/pins_driver.o
 .debug_macro   0x00000000      0x8d4 ./SDK/platform/drivers/src/pins/pins_driver.o
 .debug_macro   0x00000000       0x10 ./SDK/platform/drivers/src/pins/pins_driver.o
 .debug_macro   0x00000000       0x79 ./SDK/platform/drivers/src/pins/pins_driver.o
 .debug_macro   0x00000000       0x19 ./SDK/platform/drivers/src/pins/pins_driver.o
 .debug_macro   0x00000000       0x22 ./SDK/platform/drivers/src/pins/pins_driver.o
 .debug_macro   0x00000000       0x56 ./SDK/platform/drivers/src/pins/pins_driver.o
 .debug_macro   0x00000000       0x51 ./SDK/platform/drivers/src/pins/pins_driver.o
 .debug_macro   0x00000000       0xef ./SDK/platform/drivers/src/pins/pins_driver.o
 .debug_macro   0x00000000       0x6a ./SDK/platform/drivers/src/pins/pins_driver.o
 .debug_macro   0x00000000      0x1df ./SDK/platform/drivers/src/pins/pins_driver.o
 .debug_macro   0x00000000     0xed1d ./SDK/platform/drivers/src/pins/pins_driver.o
 .debug_macro   0x00000000      0xbbd ./SDK/platform/drivers/src/pins/pins_driver.o
 .debug_macro   0x00000000       0x22 ./SDK/platform/drivers/src/pins/pins_driver.o
 .debug_macro   0x00000000      0x16d ./SDK/platform/drivers/src/pins/pins_driver.o
 .group         0x00000000        0xc ./SDK/platform/drivers/src/pins/pins_port_hw_access.o
 .group         0x00000000        0xc ./SDK/platform/drivers/src/pins/pins_port_hw_access.o
 .group         0x00000000        0xc ./SDK/platform/drivers/src/pins/pins_port_hw_access.o
 .group         0x00000000        0xc ./SDK/platform/drivers/src/pins/pins_port_hw_access.o
 .group         0x00000000        0xc ./SDK/platform/drivers/src/pins/pins_port_hw_access.o
 .group         0x00000000        0xc ./SDK/platform/drivers/src/pins/pins_port_hw_access.o
 .group         0x00000000        0xc ./SDK/platform/drivers/src/pins/pins_port_hw_access.o
 .group         0x00000000        0xc ./SDK/platform/drivers/src/pins/pins_port_hw_access.o
 .group         0x00000000        0xc ./SDK/platform/drivers/src/pins/pins_port_hw_access.o
 .group         0x00000000        0xc ./SDK/platform/drivers/src/pins/pins_port_hw_access.o
 .group         0x00000000        0xc ./SDK/platform/drivers/src/pins/pins_port_hw_access.o
 .group         0x00000000        0xc ./SDK/platform/drivers/src/pins/pins_port_hw_access.o
 .group         0x00000000        0xc ./SDK/platform/drivers/src/pins/pins_port_hw_access.o
 .group         0x00000000        0xc ./SDK/platform/drivers/src/pins/pins_port_hw_access.o
 .text          0x00000000        0x0 ./SDK/platform/drivers/src/pins/pins_port_hw_access.o
 .data          0x00000000        0x0 ./SDK/platform/drivers/src/pins/pins_port_hw_access.o
 .bss           0x00000000        0x0 ./SDK/platform/drivers/src/pins/pins_port_hw_access.o
 .text.PINS_SetMuxModeSel
                0x00000000       0x58 ./SDK/platform/drivers/src/pins/pins_port_hw_access.o
 .text.PINS_SetGlobalPinControl
                0x00000000       0x2e ./SDK/platform/drivers/src/pins/pins_port_hw_access.o
 .text.PINS_SetGlobalIntControl
                0x00000000       0x26 ./SDK/platform/drivers/src/pins/pins_port_hw_access.o
 .debug_macro   0x00000000      0x8d4 ./SDK/platform/drivers/src/pins/pins_port_hw_access.o
 .debug_macro   0x00000000      0x16d ./SDK/platform/drivers/src/pins/pins_port_hw_access.o
 .debug_macro   0x00000000       0x10 ./SDK/platform/drivers/src/pins/pins_port_hw_access.o
 .debug_macro   0x00000000       0x79 ./SDK/platform/drivers/src/pins/pins_port_hw_access.o
 .debug_macro   0x00000000       0x19 ./SDK/platform/drivers/src/pins/pins_port_hw_access.o
 .debug_macro   0x00000000       0x22 ./SDK/platform/drivers/src/pins/pins_port_hw_access.o
 .debug_macro   0x00000000       0x56 ./SDK/platform/drivers/src/pins/pins_port_hw_access.o
 .debug_macro   0x00000000       0x51 ./SDK/platform/drivers/src/pins/pins_port_hw_access.o
 .debug_macro   0x00000000       0xef ./SDK/platform/drivers/src/pins/pins_port_hw_access.o
 .debug_macro   0x00000000       0x6a ./SDK/platform/drivers/src/pins/pins_port_hw_access.o
 .debug_macro   0x00000000      0x1df ./SDK/platform/drivers/src/pins/pins_port_hw_access.o
 .debug_macro   0x00000000     0xed1d ./SDK/platform/drivers/src/pins/pins_port_hw_access.o
 .debug_macro   0x00000000      0xbbd ./SDK/platform/drivers/src/pins/pins_port_hw_access.o
 .debug_macro   0x00000000       0x22 ./SDK/platform/drivers/src/pins/pins_port_hw_access.o
 .group         0x00000000        0xc ./board/clock_config.o
 .group         0x00000000        0xc ./board/clock_config.o
 .group         0x00000000        0xc ./board/clock_config.o
 .group         0x00000000        0xc ./board/clock_config.o
 .group         0x00000000        0xc ./board/clock_config.o
 .group         0x00000000        0xc ./board/clock_config.o
 .group         0x00000000        0xc ./board/clock_config.o
 .group         0x00000000        0xc ./board/clock_config.o
 .group         0x00000000        0xc ./board/clock_config.o
 .group         0x00000000        0xc ./board/clock_config.o
 .group         0x00000000        0xc ./board/clock_config.o
 .group         0x00000000        0xc ./board/clock_config.o
 .group         0x00000000        0xc ./board/clock_config.o
 .group         0x00000000        0xc ./board/clock_config.o
 .group         0x00000000        0xc ./board/clock_config.o
 .text          0x00000000        0x0 ./board/clock_config.o
 .data          0x00000000        0x0 ./board/clock_config.o
 .bss           0x00000000        0x0 ./board/clock_config.o
 .bss.g_clockManCallbacksArr
                0x00000000        0x4 ./board/clock_config.o
 .data.g_clockManConfigsArr
                0x00000000        0x4 ./board/clock_config.o
 .debug_macro   0x00000000      0x8d4 ./board/clock_config.o
 .debug_macro   0x00000000       0x10 ./board/clock_config.o
 .debug_macro   0x00000000       0x79 ./board/clock_config.o
 .debug_macro   0x00000000       0x19 ./board/clock_config.o
 .debug_macro   0x00000000       0x22 ./board/clock_config.o
 .debug_macro   0x00000000       0x56 ./board/clock_config.o
 .debug_macro   0x00000000       0x51 ./board/clock_config.o
 .debug_macro   0x00000000       0xef ./board/clock_config.o
 .debug_macro   0x00000000       0x6a ./board/clock_config.o
 .debug_macro   0x00000000      0x1df ./board/clock_config.o
 .debug_macro   0x00000000     0xed1d ./board/clock_config.o
 .debug_macro   0x00000000      0xbbd ./board/clock_config.o
 .debug_macro   0x00000000       0x22 ./board/clock_config.o
 .debug_macro   0x00000000       0x8a ./board/clock_config.o
 .group         0x00000000        0xc ./board/pin_mux.o
 .group         0x00000000        0xc ./board/pin_mux.o
 .group         0x00000000        0xc ./board/pin_mux.o
 .group         0x00000000        0xc ./board/pin_mux.o
 .group         0x00000000        0xc ./board/pin_mux.o
 .group         0x00000000        0xc ./board/pin_mux.o
 .group         0x00000000        0xc ./board/pin_mux.o
 .group         0x00000000        0xc ./board/pin_mux.o
 .group         0x00000000        0xc ./board/pin_mux.o
 .group         0x00000000        0xc ./board/pin_mux.o
 .group         0x00000000        0xc ./board/pin_mux.o
 .group         0x00000000        0xc ./board/pin_mux.o
 .group         0x00000000        0xc ./board/pin_mux.o
 .group         0x00000000        0xc ./board/pin_mux.o
 .text          0x00000000        0x0 ./board/pin_mux.o
 .data          0x00000000        0x0 ./board/pin_mux.o
 .bss           0x00000000        0x0 ./board/pin_mux.o
 .debug_macro   0x00000000      0x8d4 ./board/pin_mux.o
 .debug_macro   0x00000000      0x16d ./board/pin_mux.o
 .debug_macro   0x00000000       0x10 ./board/pin_mux.o
 .debug_macro   0x00000000       0x79 ./board/pin_mux.o
 .debug_macro   0x00000000       0x19 ./board/pin_mux.o
 .debug_macro   0x00000000       0x22 ./board/pin_mux.o
 .debug_macro   0x00000000       0x56 ./board/pin_mux.o
 .debug_macro   0x00000000       0x51 ./board/pin_mux.o
 .debug_macro   0x00000000       0xef ./board/pin_mux.o
 .debug_macro   0x00000000       0x6a ./board/pin_mux.o
 .debug_macro   0x00000000      0x1df ./board/pin_mux.o
 .debug_macro   0x00000000     0xed1d ./board/pin_mux.o
 .debug_macro   0x00000000      0xbbd ./board/pin_mux.o
 .debug_macro   0x00000000       0x22 ./board/pin_mux.o
 .group         0x00000000        0xc ./src/main.o
 .group         0x00000000        0xc ./src/main.o
 .group         0x00000000        0xc ./src/main.o
 .group         0x00000000        0xc ./src/main.o
 .group         0x00000000        0xc ./src/main.o
 .group         0x00000000        0xc ./src/main.o
 .group         0x00000000        0xc ./src/main.o
 .group         0x00000000        0xc ./src/main.o
 .group         0x00000000        0xc ./src/main.o
 .group         0x00000000        0xc ./src/main.o
 .group         0x00000000        0xc ./src/main.o
 .group         0x00000000        0xc ./src/main.o
 .group         0x00000000        0xc ./src/main.o
 .group         0x00000000        0xc ./src/main.o
 .group         0x00000000        0xc ./src/main.o
 .group         0x00000000        0xc ./src/main.o
 .text          0x00000000        0x0 ./src/main.o
 .data          0x00000000        0x0 ./src/main.o
 .bss           0x00000000        0x0 ./src/main.o
 .debug_macro   0x00000000      0x8d4 ./src/main.o
 .debug_macro   0x00000000       0x10 ./src/main.o
 .debug_macro   0x00000000       0x79 ./src/main.o
 .debug_macro   0x00000000       0x19 ./src/main.o
 .debug_macro   0x00000000       0x22 ./src/main.o
 .debug_macro   0x00000000       0x56 ./src/main.o
 .debug_macro   0x00000000       0x51 ./src/main.o
 .debug_macro   0x00000000       0xef ./src/main.o
 .debug_macro   0x00000000       0x6a ./src/main.o
 .debug_macro   0x00000000      0x1df ./src/main.o
 .debug_macro   0x00000000     0xed1d ./src/main.o
 .debug_macro   0x00000000      0xbbd ./src/main.o
 .debug_macro   0x00000000       0x22 ./src/main.o
 .debug_macro   0x00000000       0x8a ./src/main.o
 .debug_macro   0x00000000       0x16 ./src/main.o
 .debug_macro   0x00000000      0x16d ./src/main.o
 .text          0x00000000        0x0 C:/nxp/S32DS.3.5/S32DS/build_tools/gcc_b1620/gcc-6.3-arm32-eabi/arm-none-eabi/newlib/lib/thumb/v7e-m/fpv4-sp/hard\libc_nano.a(lib_a-exit.o)
 .data          0x00000000        0x0 C:/nxp/S32DS.3.5/S32DS/build_tools/gcc_b1620/gcc-6.3-arm32-eabi/arm-none-eabi/newlib/lib/thumb/v7e-m/fpv4-sp/hard\libc_nano.a(lib_a-exit.o)
 .bss           0x00000000        0x0 C:/nxp/S32DS.3.5/S32DS/build_tools/gcc_b1620/gcc-6.3-arm32-eabi/arm-none-eabi/newlib/lib/thumb/v7e-m/fpv4-sp/hard\libc_nano.a(lib_a-exit.o)
 .text.exit     0x00000000       0x28 C:/nxp/S32DS.3.5/S32DS/build_tools/gcc_b1620/gcc-6.3-arm32-eabi/arm-none-eabi/newlib/lib/thumb/v7e-m/fpv4-sp/hard\libc_nano.a(lib_a-exit.o)
 .debug_frame   0x00000000       0x28 C:/nxp/S32DS.3.5/S32DS/build_tools/gcc_b1620/gcc-6.3-arm32-eabi/arm-none-eabi/newlib/lib/thumb/v7e-m/fpv4-sp/hard\libc_nano.a(lib_a-exit.o)
 .ARM.attributes
                0x00000000       0x34 C:/nxp/S32DS.3.5/S32DS/build_tools/gcc_b1620/gcc-6.3-arm32-eabi/arm-none-eabi/newlib/lib/thumb/v7e-m/fpv4-sp/hard\libc_nano.a(lib_a-exit.o)
 .text          0x00000000        0x0 C:/nxp/S32DS.3.5/S32DS/build_tools/gcc_b1620/gcc-6.3-arm32-eabi/arm-none-eabi/newlib/lib/thumb/v7e-m/fpv4-sp/hard\libc_nano.a(lib_a-impure.o)
 .data          0x00000000        0x0 C:/nxp/S32DS.3.5/S32DS/build_tools/gcc_b1620/gcc-6.3-arm32-eabi/arm-none-eabi/newlib/lib/thumb/v7e-m/fpv4-sp/hard\libc_nano.a(lib_a-impure.o)
 .bss           0x00000000        0x0 C:/nxp/S32DS.3.5/S32DS/build_tools/gcc_b1620/gcc-6.3-arm32-eabi/arm-none-eabi/newlib/lib/thumb/v7e-m/fpv4-sp/hard\libc_nano.a(lib_a-impure.o)
 .data._impure_ptr
                0x00000000        0x4 C:/nxp/S32DS.3.5/S32DS/build_tools/gcc_b1620/gcc-6.3-arm32-eabi/arm-none-eabi/newlib/lib/thumb/v7e-m/fpv4-sp/hard\libc_nano.a(lib_a-impure.o)
 .data.impure_data
                0x00000000       0x60 C:/nxp/S32DS.3.5/S32DS/build_tools/gcc_b1620/gcc-6.3-arm32-eabi/arm-none-eabi/newlib/lib/thumb/v7e-m/fpv4-sp/hard\libc_nano.a(lib_a-impure.o)
 .rodata._global_impure_ptr
                0x00000000        0x4 C:/nxp/S32DS.3.5/S32DS/build_tools/gcc_b1620/gcc-6.3-arm32-eabi/arm-none-eabi/newlib/lib/thumb/v7e-m/fpv4-sp/hard\libc_nano.a(lib_a-impure.o)
 .ARM.attributes
                0x00000000       0x34 C:/nxp/S32DS.3.5/S32DS/build_tools/gcc_b1620/gcc-6.3-arm32-eabi/arm-none-eabi/newlib/lib/thumb/v7e-m/fpv4-sp/hard\libc_nano.a(lib_a-impure.o)
 .text          0x00000000        0x0 C:/nxp/S32DS.3.5/S32DS/build_tools/gcc_b1620/gcc-6.3-arm32-eabi/arm-none-eabi/newlib/lib/thumb/v7e-m/fpv4-sp/hard\libc_nano.a(lib_a-init.o)
 .data          0x00000000        0x0 C:/nxp/S32DS.3.5/S32DS/build_tools/gcc_b1620/gcc-6.3-arm32-eabi/arm-none-eabi/newlib/lib/thumb/v7e-m/fpv4-sp/hard\libc_nano.a(lib_a-init.o)
 .bss           0x00000000        0x0 C:/nxp/S32DS.3.5/S32DS/build_tools/gcc_b1620/gcc-6.3-arm32-eabi/arm-none-eabi/newlib/lib/thumb/v7e-m/fpv4-sp/hard\libc_nano.a(lib_a-init.o)
 .text.__libc_init_array
                0x00000000       0x48 C:/nxp/S32DS.3.5/S32DS/build_tools/gcc_b1620/gcc-6.3-arm32-eabi/arm-none-eabi/newlib/lib/thumb/v7e-m/fpv4-sp/hard\libc_nano.a(lib_a-init.o)
 .debug_frame   0x00000000       0x2c C:/nxp/S32DS.3.5/S32DS/build_tools/gcc_b1620/gcc-6.3-arm32-eabi/arm-none-eabi/newlib/lib/thumb/v7e-m/fpv4-sp/hard\libc_nano.a(lib_a-init.o)
 .ARM.attributes
                0x00000000       0x34 C:/nxp/S32DS.3.5/S32DS/build_tools/gcc_b1620/gcc-6.3-arm32-eabi/arm-none-eabi/newlib/lib/thumb/v7e-m/fpv4-sp/hard\libc_nano.a(lib_a-init.o)
 .text          0x00000000        0x0 C:/nxp/S32DS.3.5/S32DS/build_tools/gcc_b1620/gcc-6.3-arm32-eabi/arm-none-eabi/newlib/lib/thumb/v7e-m/fpv4-sp/hard\libc_nano.a(lib_a-memset.o)
 .data          0x00000000        0x0 C:/nxp/S32DS.3.5/S32DS/build_tools/gcc_b1620/gcc-6.3-arm32-eabi/arm-none-eabi/newlib/lib/thumb/v7e-m/fpv4-sp/hard\libc_nano.a(lib_a-memset.o)
 .bss           0x00000000        0x0 C:/nxp/S32DS.3.5/S32DS/build_tools/gcc_b1620/gcc-6.3-arm32-eabi/arm-none-eabi/newlib/lib/thumb/v7e-m/fpv4-sp/hard\libc_nano.a(lib_a-memset.o)
 .text.memset   0x00000000       0x10 C:/nxp/S32DS.3.5/S32DS/build_tools/gcc_b1620/gcc-6.3-arm32-eabi/arm-none-eabi/newlib/lib/thumb/v7e-m/fpv4-sp/hard\libc_nano.a(lib_a-memset.o)
 .debug_frame   0x00000000       0x20 C:/nxp/S32DS.3.5/S32DS/build_tools/gcc_b1620/gcc-6.3-arm32-eabi/arm-none-eabi/newlib/lib/thumb/v7e-m/fpv4-sp/hard\libc_nano.a(lib_a-memset.o)
 .ARM.attributes
                0x00000000       0x34 C:/nxp/S32DS.3.5/S32DS/build_tools/gcc_b1620/gcc-6.3-arm32-eabi/arm-none-eabi/newlib/lib/thumb/v7e-m/fpv4-sp/hard\libc_nano.a(lib_a-memset.o)
 .text          0x00000000        0x0 C:/nxp/S32DS.3.5/S32DS/build_tools/gcc_b1620/gcc-6.3-arm32-eabi/arm-none-eabi/newlib/lib/thumb/v7e-m/fpv4-sp/hard\libnosys.a(_exit.o)
 .data          0x00000000        0x0 C:/nxp/S32DS.3.5/S32DS/build_tools/gcc_b1620/gcc-6.3-arm32-eabi/arm-none-eabi/newlib/lib/thumb/v7e-m/fpv4-sp/hard\libnosys.a(_exit.o)
 .bss           0x00000000        0x0 C:/nxp/S32DS.3.5/S32DS/build_tools/gcc_b1620/gcc-6.3-arm32-eabi/arm-none-eabi/newlib/lib/thumb/v7e-m/fpv4-sp/hard\libnosys.a(_exit.o)
 .text._exit    0x00000000        0x2 C:/nxp/S32DS.3.5/S32DS/build_tools/gcc_b1620/gcc-6.3-arm32-eabi/arm-none-eabi/newlib/lib/thumb/v7e-m/fpv4-sp/hard\libnosys.a(_exit.o)
 .debug_frame   0x00000000       0x20 C:/nxp/S32DS.3.5/S32DS/build_tools/gcc_b1620/gcc-6.3-arm32-eabi/arm-none-eabi/newlib/lib/thumb/v7e-m/fpv4-sp/hard\libnosys.a(_exit.o)
 .ARM.attributes
                0x00000000       0x34 C:/nxp/S32DS.3.5/S32DS/build_tools/gcc_b1620/gcc-6.3-arm32-eabi/arm-none-eabi/newlib/lib/thumb/v7e-m/fpv4-sp/hard\libnosys.a(_exit.o)
 .text          0x00000000        0x0 c:/nxp/s32ds.3.5/s32ds/build_tools/gcc_b1620/gcc-6.3-arm32-eabi/bin/../lib/gcc/arm-none-eabi/6.3.1/thumb/v7e-m/fpv4-sp/hard/crtend.o
 .data          0x00000000        0x0 c:/nxp/s32ds.3.5/s32ds/build_tools/gcc_b1620/gcc-6.3-arm32-eabi/bin/../lib/gcc/arm-none-eabi/6.3.1/thumb/v7e-m/fpv4-sp/hard/crtend.o
 .bss           0x00000000        0x0 c:/nxp/s32ds.3.5/s32ds/build_tools/gcc_b1620/gcc-6.3-arm32-eabi/bin/../lib/gcc/arm-none-eabi/6.3.1/thumb/v7e-m/fpv4-sp/hard/crtend.o
 .eh_frame      0x00000000        0x4 c:/nxp/s32ds.3.5/s32ds/build_tools/gcc_b1620/gcc-6.3-arm32-eabi/bin/../lib/gcc/arm-none-eabi/6.3.1/thumb/v7e-m/fpv4-sp/hard/crtend.o
 .jcr           0x00000000        0x4 c:/nxp/s32ds.3.5/s32ds/build_tools/gcc_b1620/gcc-6.3-arm32-eabi/bin/../lib/gcc/arm-none-eabi/6.3.1/thumb/v7e-m/fpv4-sp/hard/crtend.o
 .tm_clone_table
                0x00000000        0x0 c:/nxp/s32ds.3.5/s32ds/build_tools/gcc_b1620/gcc-6.3-arm32-eabi/bin/../lib/gcc/arm-none-eabi/6.3.1/thumb/v7e-m/fpv4-sp/hard/crtend.o
 .comment       0x00000000       0x7f c:/nxp/s32ds.3.5/s32ds/build_tools/gcc_b1620/gcc-6.3-arm32-eabi/bin/../lib/gcc/arm-none-eabi/6.3.1/thumb/v7e-m/fpv4-sp/hard/crtend.o
 .ARM.attributes
                0x00000000       0x34 c:/nxp/s32ds.3.5/s32ds/build_tools/gcc_b1620/gcc-6.3-arm32-eabi/bin/../lib/gcc/arm-none-eabi/6.3.1/thumb/v7e-m/fpv4-sp/hard/crtend.o
 .text          0x00000000        0x0 c:/nxp/s32ds.3.5/s32ds/build_tools/gcc_b1620/gcc-6.3-arm32-eabi/bin/../lib/gcc/arm-none-eabi/6.3.1/thumb/v7e-m/fpv4-sp/hard/crtn.o
 .data          0x00000000        0x0 c:/nxp/s32ds.3.5/s32ds/build_tools/gcc_b1620/gcc-6.3-arm32-eabi/bin/../lib/gcc/arm-none-eabi/6.3.1/thumb/v7e-m/fpv4-sp/hard/crtn.o
 .bss           0x00000000        0x0 c:/nxp/s32ds.3.5/s32ds/build_tools/gcc_b1620/gcc-6.3-arm32-eabi/bin/../lib/gcc/arm-none-eabi/6.3.1/thumb/v7e-m/fpv4-sp/hard/crtn.o
 .init          0x00000000        0x8 c:/nxp/s32ds.3.5/s32ds/build_tools/gcc_b1620/gcc-6.3-arm32-eabi/bin/../lib/gcc/arm-none-eabi/6.3.1/thumb/v7e-m/fpv4-sp/hard/crtn.o
 .fini          0x00000000        0x8 c:/nxp/s32ds.3.5/s32ds/build_tools/gcc_b1620/gcc-6.3-arm32-eabi/bin/../lib/gcc/arm-none-eabi/6.3.1/thumb/v7e-m/fpv4-sp/hard/crtn.o
 .ARM.attributes
                0x00000000       0x22 c:/nxp/s32ds.3.5/s32ds/build_tools/gcc_b1620/gcc-6.3-arm32-eabi/bin/../lib/gcc/arm-none-eabi/6.3.1/thumb/v7e-m/fpv4-sp/hard/crtn.o

Memory Configuration

Name             Origin             Length             Attributes
m_interrupts     0x00000000         0x00000400         xr
m_flash_config   0x00000400         0x00000010         xr
m_text           0x00000410         0x0007fbf0         xr
m_data           0x1fff8000         0x00008000         rw
m_data_2         0x20000000         0x00007000         rw
*default*        0x00000000         0xffffffff

Linker script and memory map

LOAD c:/nxp/s32ds.3.5/s32ds/build_tools/gcc_b1620/gcc-6.3-arm32-eabi/bin/../lib/gcc/arm-none-eabi/6.3.1/thumb/v7e-m/fpv4-sp/hard/crti.o
LOAD c:/nxp/s32ds.3.5/s32ds/build_tools/gcc_b1620/gcc-6.3-arm32-eabi/bin/../lib/gcc/arm-none-eabi/6.3.1/thumb/v7e-m/fpv4-sp/hard/crtbegin.o
LOAD C:/nxp/S32DS.3.5/S32DS/build_tools/gcc_b1620/gcc-6.3-arm32-eabi/arm-none-eabi/newlib/lib/thumb/v7e-m/fpv4-sp/hard/crt0.o
LOAD ./Project_Settings/Startup_Code/startup_S32K144.o
LOAD ./SDK/platform/devices/S32K144/startup/system_S32K144.o
LOAD ./SDK/platform/devices/startup.o
LOAD ./SDK/platform/drivers/src/clock/S32K1xx/clock_S32K1xx.o
LOAD ./SDK/platform/drivers/src/interrupt/interrupt_manager.o
LOAD ./SDK/platform/drivers/src/pins/pins_driver.o
LOAD ./SDK/platform/drivers/src/pins/pins_port_hw_access.o
LOAD ./board/clock_config.o
LOAD ./board/pin_mux.o
LOAD ./src/main.o
START GROUP
LOAD c:/nxp/s32ds.3.5/s32ds/build_tools/gcc_b1620/gcc-6.3-arm32-eabi/bin/../lib/gcc/arm-none-eabi/6.3.1/thumb/v7e-m/fpv4-sp/hard\libgcc.a
LOAD C:/nxp/S32DS.3.5/S32DS/build_tools/gcc_b1620/gcc-6.3-arm32-eabi/arm-none-eabi/newlib/lib/thumb/v7e-m/fpv4-sp/hard\libc_nano.a
END GROUP
START GROUP
LOAD c:/nxp/s32ds.3.5/s32ds/build_tools/gcc_b1620/gcc-6.3-arm32-eabi/bin/../lib/gcc/arm-none-eabi/6.3.1/thumb/v7e-m/fpv4-sp/hard\libgcc.a
LOAD C:/nxp/S32DS.3.5/S32DS/build_tools/gcc_b1620/gcc-6.3-arm32-eabi/arm-none-eabi/newlib/lib/thumb/v7e-m/fpv4-sp/hard\libc_nano.a
LOAD C:/nxp/S32DS.3.5/S32DS/build_tools/gcc_b1620/gcc-6.3-arm32-eabi/arm-none-eabi/newlib/lib/thumb/v7e-m/fpv4-sp/hard\libnosys.a
END GROUP
START GROUP
LOAD c:/nxp/s32ds.3.5/s32ds/build_tools/gcc_b1620/gcc-6.3-arm32-eabi/bin/../lib/gcc/arm-none-eabi/6.3.1/thumb/v7e-m/fpv4-sp/hard\libgcc.a
LOAD C:/nxp/S32DS.3.5/S32DS/build_tools/gcc_b1620/gcc-6.3-arm32-eabi/arm-none-eabi/newlib/lib/thumb/v7e-m/fpv4-sp/hard\libc_nano.a
LOAD C:/nxp/S32DS.3.5/S32DS/build_tools/gcc_b1620/gcc-6.3-arm32-eabi/arm-none-eabi/newlib/lib/thumb/v7e-m/fpv4-sp/hard\libnosys.a
END GROUP
LOAD c:/nxp/s32ds.3.5/s32ds/build_tools/gcc_b1620/gcc-6.3-arm32-eabi/bin/../lib/gcc/arm-none-eabi/6.3.1/thumb/v7e-m/fpv4-sp/hard/crtend.o
LOAD c:/nxp/s32ds.3.5/s32ds/build_tools/gcc_b1620/gcc-6.3-arm32-eabi/bin/../lib/gcc/arm-none-eabi/6.3.1/thumb/v7e-m/fpv4-sp/hard/crtn.o
                0x00000400                HEAP_SIZE = DEFINED (__heap_size__)?__heap_size__:0x400
                0x00000400                STACK_SIZE = DEFINED (__stack_size__)?__stack_size__:0x400
                0x00000400                M_VECTOR_RAM_SIZE = DEFINED (__flash_vector_table__)?0x0:0x400

.interrupts     0x00000000      0x400
                0x00000000                __VECTOR_TABLE = .
                0x00000000                __interrupts_start__ = .
                0x00000000                . = ALIGN (0x4)
 *(.isr_vector)
 .isr_vector    0x00000000      0x400 ./Project_Settings/Startup_Code/startup_S32K144.o
                0x00000000                __isr_vector
                0x00000400                __interrupts_end__ = .
                0x00000400                . = ALIGN (0x4)

.flash_config   0x00000400       0x10
                0x00000400                . = ALIGN (0x4)
 *(.FlashConfig)
 .FlashConfig   0x00000400       0x10 ./Project_Settings/Startup_Code/startup_S32K144.o
                0x00000410                . = ALIGN (0x4)

.text           0x00000410     0x1298
                0x00000410                . = ALIGN (0x4)
 *(.text)
 .text          0x00000410       0x6c ./Project_Settings/Startup_Code/startup_S32K144.o
                0x00000410                Reset_Handler
                0x00000478                DebugMon_Handler
                0x00000478                Reserved88_IRQHandler
                0x00000478                CAN0_ORed_IRQHandler
                0x00000478                HardFault_Handler
                0x00000478                Reserved86_IRQHandler
                0x00000478                Reserved103_IRQHandler
                0x00000478                SysTick_Handler
                0x00000478                FTM2_Ovf_Reload_IRQHandler
                0x00000478                Reserved50_IRQHandler
                0x00000478                FTFC_Fault_IRQHandler
                0x00000478                FTM0_Ch6_Ch7_IRQHandler
                0x00000478                Reserved114_IRQHandler
                0x00000478                PendSV_Handler
                0x00000478                NMI_Handler
                0x00000478                Reserved89_IRQHandler
                0x00000478                ERM_double_fault_IRQHandler
                0x00000478                DMA2_IRQHandler
                0x00000478                Reserved59_IRQHandler
                0x00000478                LPIT0_Ch0_IRQHandler
                0x00000478                Reserved99_IRQHandler
                0x00000478                FTM3_Ch6_Ch7_IRQHandler
                0x00000478                CAN2_ORed_0_15_MB_IRQHandler
                0x00000478                LPIT0_Ch3_IRQHandler
                0x00000478                Reserved92_IRQHandler
                0x00000478                FTM0_Ch4_Ch5_IRQHandler
                0x00000478                CAN1_Error_IRQHandler
                0x00000478                FTM3_Ch0_Ch1_IRQHandler
                0x00000478                SWI_IRQHandler
                0x00000478                ADC0_IRQHandler
                0x00000478                FTM2_Ch4_Ch5_IRQHandler
                0x00000478                UsageFault_Handler
                0x00000478                FTM0_Ovf_Reload_IRQHandler
                0x00000478                DefaultISR
                0x00000478                DMA9_IRQHandler
                0x00000478                Reserved58_IRQHandler
                0x00000478                CAN1_ORed_0_15_MB_IRQHandler
                0x00000478                FTM1_Ch2_Ch3_IRQHandler
                0x00000478                DMA14_IRQHandler
                0x00000478                Reserved82_IRQHandler
                0x00000478                CAN0_ORed_16_31_MB_IRQHandler
                0x00000478                LPI2C0_Slave_IRQHandler
                0x00000478                Reserved71_IRQHandler
                0x00000478                PORTD_IRQHandler
                0x00000478                Reserved69_IRQHandler
                0x00000478                PORTB_IRQHandler
                0x00000478                Reserved70_IRQHandler
                0x00000478                ADC1_IRQHandler
                0x00000478                FTM2_Ch2_Ch3_IRQHandler
                0x00000478                Reserved53_IRQHandler
                0x00000478                DMA5_IRQHandler
                0x00000478                RTC_IRQHandler
                0x00000478                PDB0_IRQHandler
                0x00000478                Reserved54_IRQHandler
                0x00000478                FTM2_Ch6_Ch7_IRQHandler
                0x00000478                FTM3_Ch2_Ch3_IRQHandler
                0x00000478                FTM2_Ch0_Ch1_IRQHandler
                0x00000478                LPSPI1_IRQHandler
                0x00000478                LPUART1_RxTx_IRQHandler
                0x00000478                RTC_Seconds_IRQHandler
                0x00000478                CAN2_ORed_IRQHandler
                0x00000478                Reserved72_IRQHandler
                0x00000478                Reserved110_IRQHandler
                0x00000478                DMA11_IRQHandler
                0x00000478                Reserved107_IRQHandler
                0x00000478                Read_Collision_IRQHandler
                0x00000478                CAN2_Error_IRQHandler
                0x00000478                FTFC_IRQHandler
                0x00000478                DMA7_IRQHandler
                0x00000478                FTM1_Ch6_Ch7_IRQHandler
                0x00000478                Reserved105_IRQHandler
                0x00000478                LPIT0_Ch1_IRQHandler
                0x00000478                FTM1_Ch4_Ch5_IRQHandler
                0x00000478                FTM3_Ovf_Reload_IRQHandler
                0x00000478                LPUART2_RxTx_IRQHandler
                0x00000478                LPSPI0_IRQHandler
                0x00000478                WDOG_EWM_IRQHandler
                0x00000478                MemManage_Handler
                0x00000478                Reserved90_IRQHandler
                0x00000478                Reserved83_IRQHandler
                0x00000478                FTM0_Fault_IRQHandler
                0x00000478                Reserved48_IRQHandler
                0x00000478                SVC_Handler
                0x00000478                ERM_single_fault_IRQHandler
                0x00000478                FTM2_Fault_IRQHandler
                0x00000478                FTM0_Ch2_Ch3_IRQHandler
                0x00000478                DMA13_IRQHandler
                0x00000478                FTM0_Ch0_Ch1_IRQHandler
                0x00000478                FTM3_Fault_IRQHandler
                0x00000478                RCM_IRQHandler
                0x00000478                DMA3_IRQHandler
                0x00000478                Reserved100_IRQHandler
                0x00000478                DMA0_IRQHandler
                0x00000478                Reserved91_IRQHandler
                0x00000478                CAN1_ORed_IRQHandler
                0x00000478                DMA15_IRQHandler
                0x00000478                SCG_IRQHandler
                0x00000478                PDB1_IRQHandler
                0x00000478                Reserved81_IRQHandler
                0x00000478                Reserved46_IRQHandler
                0x00000478                Reserved45_IRQHandler
                0x00000478                CAN0_Error_IRQHandler
                0x00000478                Reserved112_IRQHandler
                0x00000478                LPI2C0_Master_IRQHandler
                0x00000478                DMA4_IRQHandler
                0x00000478                FTM1_Fault_IRQHandler
                0x00000478                Reserved106_IRQHandler
                0x00000478                DMA_Error_IRQHandler
                0x00000478                LVD_LVW_IRQHandler
                0x00000478                LPIT0_Ch2_IRQHandler
                0x00000478                PORTA_IRQHandler
                0x00000478                MCM_IRQHandler
                0x00000478                LPSPI2_IRQHandler
                0x00000478                DMA12_IRQHandler
                0x00000478                FTM3_Ch4_Ch5_IRQHandler
                0x00000478                CAN0_ORed_0_15_MB_IRQHandler
                0x00000478                PORTE_IRQHandler
                0x00000478                LPUART0_RxTx_IRQHandler
                0x00000478                LPTMR0_IRQHandler
                0x00000478                BusFault_Handler
                0x00000478                Reserved87_IRQHandler
                0x00000478                FTM1_Ovf_Reload_IRQHandler
                0x00000478                DMA8_IRQHandler
                0x00000478                Reserved93_IRQHandler
                0x00000478                DMA10_IRQHandler
                0x00000478                CAN0_Wake_Up_IRQHandler
                0x00000478                CMP0_IRQHandler
                0x00000478                Reserved52_IRQHandler
                0x00000478                PORTC_IRQHandler
                0x00000478                DMA6_IRQHandler
                0x00000478                FTM1_Ch0_Ch1_IRQHandler
                0x00000478                FLEXIO_IRQHandler
                0x00000478                DMA1_IRQHandler
                0x00000478                Reserved113_IRQHandler
 *(.text*)
 .text.SystemInit
                0x0000047c       0x3c ./SDK/platform/devices/S32K144/startup/system_S32K144.o
                0x0000047c                SystemInit
 .text.init_data_bss
                0x000004b8       0xd8 ./SDK/platform/devices/startup.o
                0x000004b8                init_data_bss
 .text.CLOCK_SYS_GetCurrentRunMode
                0x00000590       0x24 ./SDK/platform/drivers/src/clock/S32K1xx/clock_S32K1xx.o
 .text.CLOCK_SYS_GetSysOscFreq
                0x000005b4       0x1c ./SDK/platform/drivers/src/clock/S32K1xx/clock_S32K1xx.o
 .text.CLOCK_SYS_ConfigureSOSC
                0x000005d0      0x12c ./SDK/platform/drivers/src/clock/S32K1xx/clock_S32K1xx.o
 .text.CLOCK_SYS_GetSircFreq
                0x000006fc       0x2c ./SDK/platform/drivers/src/clock/S32K1xx/clock_S32K1xx.o
 .text.CLOCK_SYS_ConfigureSIRC
                0x00000728       0xc4 ./SDK/platform/drivers/src/clock/S32K1xx/clock_S32K1xx.o
 .text.CLOCK_SYS_GetFircFreq
                0x000007ec       0x20 ./SDK/platform/drivers/src/clock/S32K1xx/clock_S32K1xx.o
 .text.CLOCK_SYS_ConfigureFIRC
                0x0000080c       0xb4 ./SDK/platform/drivers/src/clock/S32K1xx/clock_S32K1xx.o
 .text.CLOCK_SYS_GetSysPllFreq
                0x000008c0       0x44 ./SDK/platform/drivers/src/clock/S32K1xx/clock_S32K1xx.o
 .text.CLOCK_SYS_ConfigureSPLL
                0x00000904      0x12c ./SDK/platform/drivers/src/clock/S32K1xx/clock_S32K1xx.o
 .text.CLOCK_SYS_SetSystemClockConfig
                0x00000a30      0x204 ./SDK/platform/drivers/src/clock/S32K1xx/clock_S32K1xx.o
 .text.CLOCK_SYS_TransitionSystemClock
                0x00000c34       0x54 ./SDK/platform/drivers/src/clock/S32K1xx/clock_S32K1xx.o
 .text.CLOCK_DRV_Init
                0x00000c88      0x610 ./SDK/platform/drivers/src/clock/S32K1xx/clock_S32K1xx.o
                0x00000c88                CLOCK_DRV_Init
 .text.PINS_DRV_Init
                0x00001298       0x20 ./SDK/platform/drivers/src/pins/pins_driver.o
                0x00001298                PINS_DRV_Init
 .text.PINS_DRV_SetPins
                0x000012b8        0x4 ./SDK/platform/drivers/src/pins/pins_driver.o
                0x000012b8                PINS_DRV_SetPins
 .text.PINS_DRV_ClearPins
                0x000012bc        0x4 ./SDK/platform/drivers/src/pins/pins_driver.o
                0x000012bc                PINS_DRV_ClearPins
 .text.PINS_DRV_ReadPins
                0x000012c0        0x4 ./SDK/platform/drivers/src/pins/pins_driver.o
                0x000012c0                PINS_DRV_ReadPins
 .text.PINS_GetAdcInterleaveVal
                0x000012c4       0x70 ./SDK/platform/drivers/src/pins/pins_port_hw_access.o
 .text.PINS_Init
                0x00001334      0x138 ./SDK/platform/drivers/src/pins/pins_port_hw_access.o
                0x00001334                PINS_Init
 .text.delay    0x0000146c       0x16 ./src/main.o
                0x0000146c                delay
 *fill*         0x00001482        0x2 
 .text.main     0x00001484       0x80 ./src/main.o
                0x00001484                main
 *(.rodata)
 *(.rodata*)
 .rodata.clockNameMappings
                0x00001504       0x9e ./SDK/platform/drivers/src/clock/S32K1xx/clock_S32K1xx.o
                0x00001504                clockNameMappings
 *fill*         0x000015a2        0x2 
 .rodata.maxSysClksInHSRUN.7631
                0x000015a4       0x54 ./SDK/platform/drivers/src/clock/S32K1xx/clock_S32K1xx.o
 .rodata.maxSysClksInRUN.7630
                0x000015f8       0x54 ./SDK/platform/drivers/src/clock/S32K1xx/clock_S32K1xx.o
 .rodata.maxSysClksInVLPR.7629
                0x0000164c       0x54 ./SDK/platform/drivers/src/clock/S32K1xx/clock_S32K1xx.o
 *(.init)
 .init          0x000016a0        0x4 c:/nxp/s32ds.3.5/s32ds/build_tools/gcc_b1620/gcc-6.3-arm32-eabi/bin/../lib/gcc/arm-none-eabi/6.3.1/thumb/v7e-m/fpv4-sp/hard/crti.o
                0x000016a0                _init
 *(.fini)
 .fini          0x000016a4        0x4 c:/nxp/s32ds.3.5/s32ds/build_tools/gcc_b1620/gcc-6.3-arm32-eabi/bin/../lib/gcc/arm-none-eabi/6.3.1/thumb/v7e-m/fpv4-sp/hard/crti.o
                0x000016a4                _fini
 *(.eh_frame)
                0x000016a8                . = ALIGN (0x4)

.glue_7         0x000016a8        0x0
 .glue_7        0x000016a8        0x0 linker stubs

.glue_7t        0x000016a8        0x0
 .glue_7t       0x000016a8        0x0 linker stubs

.vfp11_veneer   0x000016a8        0x0
 .vfp11_veneer  0x000016a8        0x0 linker stubs

.v4_bx          0x000016a8        0x0
 .v4_bx         0x000016a8        0x0 linker stubs

.iplt           0x000016a8        0x0
 .iplt          0x000016a8        0x0 ./Project_Settings/Startup_Code/startup_S32K144.o

.rel.dyn        0x000016a8        0x0
 .rel.iplt      0x000016a8        0x0 ./Project_Settings/Startup_Code/startup_S32K144.o

.ARM            0x000016a8        0x0
                0x000016a8                __exidx_start = .
 *(.ARM.exidx*)
                0x000016a8                __exidx_end = .
                0x000016a8                __etext = .
                0x000016a8                __DATA_ROM = .

.interrupts_ram
                0x1fff8000      0x400
                0x1fff8000                . = ALIGN (0x4)
                0x1fff8000                __VECTOR_RAM__ = .
                0x1fff8000                __RAM_START = .
                0x1fff8000                __interrupts_ram_start__ = .
 *(.m_interrupts_ram)
                0x1fff8400                . = (. + M_VECTOR_RAM_SIZE)
 *fill*         0x1fff8000      0x400 
                0x1fff8400                . = ALIGN (0x4)
                0x1fff8400                __interrupts_ram_end__ = .
                0x1fff8000                __VECTOR_RAM = DEFINED (__flash_vector_table__)?ORIGIN (m_interrupts):__VECTOR_RAM__
                0x00000400                __RAM_VECTOR_TABLE_SIZE = DEFINED (__flash_vector_table__)?0x0:(__interrupts_ram_end__ - __interrupts_ram_start__)

.data           0x1fff8400      0x238 load address 0x000016a8
                0x1fff8400                . = ALIGN (0x4)
                0x1fff8400                __DATA_RAM = .
                0x1fff8400                __data_start__ = .
 *(.data)
 *(.data*)
 .data.peripheralClockConfig.7378
                0x1fff8400       0xa0 ./SDK/platform/drivers/src/clock/S32K1xx/clock_S32K1xx.o
 .data.clockMan1_InitConfig0
                0x1fff84a0       0x88 ./board/clock_config.o
                0x1fff84a0                clockMan1_InitConfig0
 .data.peripheralClockConfig0
                0x1fff8528       0x96 ./board/clock_config.o
                0x1fff8528                peripheralClockConfig0
 *fill*         0x1fff85be        0x2 
 .data.g_pin_mux_InitConfigArr0
                0x1fff85c0       0x78 ./board/pin_mux.o
                0x1fff85c0                g_pin_mux_InitConfigArr0
                0x1fff8638                . = ALIGN (0x4)
                0x1fff8638                __data_end__ = .
                0x000018e0                __DATA_END = (__DATA_ROM + (__data_end__ - __data_start__))
                0x000018e0                __CODE_ROM = __DATA_END

.igot.plt       0x1fff8638        0x0 load address 0x000018e0
 .igot.plt      0x1fff8638        0x0 ./Project_Settings/Startup_Code/startup_S32K144.o

.code           0x1fff8638        0x0 load address 0x000018e0
                0x1fff8638                . = ALIGN (0x4)
                0x1fff8638                __CODE_RAM = .
                0x1fff8638                __code_start__ = .
                0x1fff8638                __code_ram_start__ = .
 *(.code_ram)
                0x1fff8638                . = ALIGN (0x4)
                0x1fff8638                __code_end__ = .
                0x1fff8638                __code_ram_end__ = .
                0x000018e0                __CODE_END = (__CODE_ROM + (__code_end__ - __code_start__))
                0x000018e0                __CUSTOM_ROM = __CODE_END

.customSectionBlock
                0x20000000        0x0 load address 0x000018e0
                0x20000000                __customSection_start__ = .
 *(.customSection)
                0x20000000                __customSection_end__ = .
                0x000018e0                __CUSTOM_END = (__CUSTOM_ROM + (__customSection_end__ - __customSection_start__))
                0x000018e0                __rom_end = __CUSTOM_END

.bss            0x20000000       0x14
                0x20000000                . = ALIGN (0x4)
                0x20000000                __BSS_START = .
                0x20000000                __bss_start__ = .
 *(.bss)
 *(.bss*)
 .bss.g_RtcClkInFreq
                0x20000000        0x4 ./SDK/platform/drivers/src/clock/S32K1xx/clock_S32K1xx.o
                0x20000000                g_RtcClkInFreq
 .bss.g_TClkFreq
                0x20000004        0xc ./SDK/platform/drivers/src/clock/S32K1xx/clock_S32K1xx.o
                0x20000004                g_TClkFreq
 .bss.g_xtal0ClkFreq
                0x20000010        0x4 ./SDK/platform/drivers/src/clock/S32K1xx/clock_S32K1xx.o
                0x20000010                g_xtal0ClkFreq
 *(COMMON)
                0x20000014                . = ALIGN (0x4)
                0x20000014                __bss_end__ = .
                0x20000014                __BSS_END = .

.heap           0x20000014      0x404
                0x20000018                . = ALIGN (0x8)
 *fill*         0x20000014        0x4 
                0x20000018                __end__ = .
                0x20000018                __heap_start__ = .
                [!provide]                PROVIDE (end = .)
                [!provide]                PROVIDE (_end = .)
                [!provide]                PROVIDE (__end = .)
                0x20000018                __HeapBase = .
                0x20000418                . = (. + HEAP_SIZE)
 *fill*         0x20000018      0x400 
                0x20000418                __HeapLimit = .
                0x20000418                __heap_limit = .
                0x20000418                __heap_end__ = .
                0x20007000                __StackTop = (ORIGIN (m_data_2) + LENGTH (m_data_2))
                0x20006c00                __StackLimit = (__StackTop - STACK_SIZE)
                0x20007000                PROVIDE (__stack = __StackTop)
                0x20007000                __RAM_END = __StackTop

.stack          0x20006c00      0x400
                0x20006c00                . = ALIGN (0x8)
                0x20006c00                __stack_start__ = .
                0x20007000                . = (. + STACK_SIZE)
 *fill*         0x20006c00      0x400 
                0x20007000                __stack_end__ = .

.ARM.attributes
                0x00000000       0x30
 *(.ARM.attributes)
 .ARM.attributes
                0x00000000       0x22 c:/nxp/s32ds.3.5/s32ds/build_tools/gcc_b1620/gcc-6.3-arm32-eabi/bin/../lib/gcc/arm-none-eabi/6.3.1/thumb/v7e-m/fpv4-sp/hard/crti.o
 .ARM.attributes
                0x00000022       0x1f ./Project_Settings/Startup_Code/startup_S32K144.o
 .ARM.attributes
                0x00000041       0x39 ./SDK/platform/devices/S32K144/startup/system_S32K144.o
 .ARM.attributes
                0x0000007a       0x39 ./SDK/platform/devices/startup.o
 .ARM.attributes
                0x000000b3       0x39 ./SDK/platform/drivers/src/clock/S32K1xx/clock_S32K1xx.o
 .ARM.attributes
                0x000000ec       0x39 ./SDK/platform/drivers/src/pins/pins_driver.o
 .ARM.attributes
                0x00000125       0x39 ./SDK/platform/drivers/src/pins/pins_port_hw_access.o
 .ARM.attributes
                0x0000015e       0x39 ./board/clock_config.o
 .ARM.attributes
                0x00000197       0x39 ./board/pin_mux.o
 .ARM.attributes
                0x000001d0       0x39 ./src/main.o
                0x00000001                ASSERT ((__rom_end <= (ORIGIN (m_text) + LENGTH (m_text))), Region m_text overflowed!)
                0x00000001                ASSERT ((__StackLimit >= __HeapLimit), region m_data_2 overflowed with stack and heap)
OUTPUT(MicrocontrollerFeatures_Interrupts_ex.elf elf32-littlearm)

.debug_line     0x00000000     0x37ef
 .debug_line    0x00000000       0xcc ./Project_Settings/Startup_Code/startup_S32K144.o
 .debug_line    0x000000cc      0x427 ./SDK/platform/devices/S32K144/startup/system_S32K144.o
 .debug_line    0x000004f3      0x3b5 ./SDK/platform/devices/startup.o
 .debug_line    0x000008a8     0x150b ./SDK/platform/drivers/src/clock/S32K1xx/clock_S32K1xx.o
 .debug_line    0x00001db3      0x6f5 ./SDK/platform/drivers/src/pins/pins_driver.o
 .debug_line    0x000024a8      0x5b4 ./SDK/platform/drivers/src/pins/pins_port_hw_access.o
 .debug_line    0x00002a5c      0x455 ./board/clock_config.o
 .debug_line    0x00002eb1      0x3ee ./board/pin_mux.o
 .debug_line    0x0000329f      0x550 ./src/main.o

.debug_info     0x00000000     0xb578
 .debug_info    0x00000000       0x26 ./Project_Settings/Startup_Code/startup_S32K144.o
 .debug_info    0x00000026      0x521 ./SDK/platform/devices/S32K144/startup/system_S32K144.o
 .debug_info    0x00000547      0x2ad ./SDK/platform/devices/startup.o
 .debug_info    0x000007f4     0x6226 ./SDK/platform/drivers/src/clock/S32K1xx/clock_S32K1xx.o
 .debug_info    0x00006a1a     0x14b7 ./SDK/platform/drivers/src/pins/pins_driver.o
 .debug_info    0x00007ed1      0x9a5 ./SDK/platform/drivers/src/pins/pins_port_hw_access.o
 .debug_info    0x00008876     0x12b9 ./board/clock_config.o
 .debug_info    0x00009b2f      0x409 ./board/pin_mux.o
 .debug_info    0x00009f38     0x1640 ./src/main.o

.debug_abbrev   0x00000000      0xf1d
 .debug_abbrev  0x00000000       0x14 ./Project_Settings/Startup_Code/startup_S32K144.o
 .debug_abbrev  0x00000014      0x141 ./SDK/platform/devices/S32K144/startup/system_S32K144.o
 .debug_abbrev  0x00000155       0xe1 ./SDK/platform/devices/startup.o
 .debug_abbrev  0x00000236      0x409 ./SDK/platform/drivers/src/clock/S32K1xx/clock_S32K1xx.o
 .debug_abbrev  0x0000063f      0x2f6 ./SDK/platform/drivers/src/pins/pins_driver.o
 .debug_abbrev  0x00000935      0x232 ./SDK/platform/drivers/src/pins/pins_port_hw_access.o
 .debug_abbrev  0x00000b67      0x125 ./board/clock_config.o
 .debug_abbrev  0x00000c8c       0xcd ./board/pin_mux.o
 .debug_abbrev  0x00000d59      0x1c4 ./src/main.o

.debug_aranges  0x00000000      0x310
 .debug_aranges
                0x00000000       0x20 ./Project_Settings/Startup_Code/startup_S32K144.o
 .debug_aranges
                0x00000020       0x30 ./SDK/platform/devices/S32K144/startup/system_S32K144.o
 .debug_aranges
                0x00000050       0x20 ./SDK/platform/devices/startup.o
 .debug_aranges
                0x00000070      0x128 ./SDK/platform/drivers/src/clock/S32K1xx/clock_S32K1xx.o
 .debug_aranges
                0x00000198       0xe0 ./SDK/platform/drivers/src/pins/pins_driver.o
 .debug_aranges
                0x00000278       0x40 ./SDK/platform/drivers/src/pins/pins_port_hw_access.o
 .debug_aranges
                0x000002b8       0x18 ./board/clock_config.o
 .debug_aranges
                0x000002d0       0x18 ./board/pin_mux.o
 .debug_aranges
                0x000002e8       0x28 ./src/main.o

.debug_str      0x00000000    0x6dbc7
 .debug_str     0x00000000      0x10b ./Project_Settings/Startup_Code/startup_S32K144.o
 .debug_str     0x0000010b    0x68820 ./SDK/platform/devices/S32K144/startup/system_S32K144.o
                              0x689a6 (size before relaxing)
 .debug_str     0x0006892b      0x399 ./SDK/platform/devices/startup.o
                              0x68b18 (size before relaxing)
 .debug_str     0x00068cc4     0x4133 ./SDK/platform/drivers/src/clock/S32K1xx/clock_S32K1xx.o
                              0x6cc2c (size before relaxing)
 .debug_str     0x0006cdf7      0x9dc ./SDK/platform/drivers/src/pins/pins_driver.o
                              0x69c74 (size before relaxing)
 .debug_str     0x0006d7d3      0x1d4 ./SDK/platform/drivers/src/pins/pins_port_hw_access.o
                              0x6915c (size before relaxing)
 .debug_str     0x0006d9a7       0xda ./board/clock_config.o
                              0x6aa9f (size before relaxing)
 .debug_str     0x0006da81       0x53 ./board/pin_mux.o
                              0x68e6c (size before relaxing)
 .debug_str     0x0006dad4       0xf3 ./src/main.o
                              0x6ae20 (size before relaxing)

.debug_loc      0x00000000     0x5da2
 .debug_loc     0x00000000       0xeb ./SDK/platform/devices/S32K144/startup/system_S32K144.o
 .debug_loc     0x000000eb       0xec ./SDK/platform/devices/startup.o
 .debug_loc     0x000001d7     0x4dac ./SDK/platform/drivers/src/clock/S32K1xx/clock_S32K1xx.o
 .debug_loc     0x00004f83      0x7c7 ./SDK/platform/drivers/src/pins/pins_driver.o
 .debug_loc     0x0000574a      0x639 ./SDK/platform/drivers/src/pins/pins_port_hw_access.o
 .debug_loc     0x00005d83       0x1f ./src/main.o

.debug_ranges   0x00000000      0x528
 .debug_ranges  0x00000000       0x20 ./SDK/platform/devices/S32K144/startup/system_S32K144.o
 .debug_ranges  0x00000020       0x10 ./SDK/platform/devices/startup.o
 .debug_ranges  0x00000030      0x3c8 ./SDK/platform/drivers/src/clock/S32K1xx/clock_S32K1xx.o
 .debug_ranges  0x000003f8       0xd0 ./SDK/platform/drivers/src/pins/pins_driver.o
 .debug_ranges  0x000004c8       0x48 ./SDK/platform/drivers/src/pins/pins_port_hw_access.o
 .debug_ranges  0x00000510       0x18 ./src/main.o

.debug_macro    0x00000000    0x1ff09
 .debug_macro   0x00000000       0xb6 ./SDK/platform/devices/S32K144/startup/system_S32K144.o
 .debug_macro   0x000000b6      0x8d4 ./SDK/platform/devices/S32K144/startup/system_S32K144.o
 .debug_macro   0x0000098a       0x10 ./SDK/platform/devices/S32K144/startup/system_S32K144.o
 .debug_macro   0x0000099a       0x79 ./SDK/platform/devices/S32K144/startup/system_S32K144.o
 .debug_macro   0x00000a13       0x19 ./SDK/platform/devices/S32K144/startup/system_S32K144.o
 .debug_macro   0x00000a2c       0x22 ./SDK/platform/devices/S32K144/startup/system_S32K144.o
 .debug_macro   0x00000a4e       0x56 ./SDK/platform/devices/S32K144/startup/system_S32K144.o
 .debug_macro   0x00000aa4       0x51 ./SDK/platform/devices/S32K144/startup/system_S32K144.o
 .debug_macro   0x00000af5       0xef ./SDK/platform/devices/S32K144/startup/system_S32K144.o
 .debug_macro   0x00000be4       0x6a ./SDK/platform/devices/S32K144/startup/system_S32K144.o
 .debug_macro   0x00000c4e      0x1df ./SDK/platform/devices/S32K144/startup/system_S32K144.o
 .debug_macro   0x00000e2d     0xed1d ./SDK/platform/devices/S32K144/startup/system_S32K144.o
 .debug_macro   0x0000fb4a      0xbbd ./SDK/platform/devices/S32K144/startup/system_S32K144.o
 .debug_macro   0x00010707       0x22 ./SDK/platform/devices/S32K144/startup/system_S32K144.o
 .debug_macro   0x00010729       0x28 ./SDK/platform/devices/S32K144/startup/system_S32K144.o
 .debug_macro   0x00010751       0xb6 ./SDK/platform/devices/startup.o
 .debug_macro   0x00010807     0xed32 ./SDK/platform/devices/startup.o
 .debug_macro   0x0001f539       0x40 ./SDK/platform/devices/startup.o
 .debug_macro   0x0001f579      0x2b0 ./SDK/platform/drivers/src/clock/S32K1xx/clock_S32K1xx.o
 .debug_macro   0x0001f829      0x16d ./SDK/platform/drivers/src/clock/S32K1xx/clock_S32K1xx.o
 .debug_macro   0x0001f996       0x16 ./SDK/platform/drivers/src/clock/S32K1xx/clock_S32K1xx.o
 .debug_macro   0x0001f9ac       0x8a ./SDK/platform/drivers/src/clock/S32K1xx/clock_S32K1xx.o
 .debug_macro   0x0001fa36       0xde ./SDK/platform/drivers/src/pins/pins_driver.o
 .debug_macro   0x0001fb14       0xde ./SDK/platform/drivers/src/pins/pins_port_hw_access.o
 .debug_macro   0x0001fbf2       0xd9 ./board/clock_config.o
 .debug_macro   0x0001fccb       0x16 ./board/clock_config.o
 .debug_macro   0x0001fce1       0xda ./board/pin_mux.o
 .debug_macro   0x0001fdbb      0x14e ./src/main.o

.comment        0x00000000       0x7e
 .comment       0x00000000       0x7e ./SDK/platform/devices/S32K144/startup/system_S32K144.o
                                 0x7f (size before relaxing)
 .comment       0x0000007e       0x7f ./SDK/platform/devices/startup.o
 .comment       0x0000007e       0x7f ./SDK/platform/drivers/src/clock/S32K1xx/clock_S32K1xx.o
 .comment       0x0000007e       0x7f ./SDK/platform/drivers/src/pins/pins_driver.o
 .comment       0x0000007e       0x7f ./SDK/platform/drivers/src/pins/pins_port_hw_access.o
 .comment       0x0000007e       0x7f ./board/clock_config.o
 .comment       0x0000007e       0x7f ./board/pin_mux.o
 .comment       0x0000007e       0x7f ./src/main.o

.debug_frame    0x00000000      0x6d4
 .debug_frame   0x00000000       0x40 ./SDK/platform/devices/S32K144/startup/system_S32K144.o
 .debug_frame   0x00000040       0x2c ./SDK/platform/devices/startup.o
 .debug_frame   0x0000006c      0x3a4 ./SDK/platform/drivers/src/clock/S32K1xx/clock_S32K1xx.o
 .debug_frame   0x00000410      0x1e4 ./SDK/platform/drivers/src/pins/pins_driver.o
 .debug_frame   0x000005f4       0xa0 ./SDK/platform/drivers/src/pins/pins_port_hw_access.o
 .debug_frame   0x00000694       0x40 ./src/main.o
